<html>
<body>
<pre>
<h1>µVision Build Log</h1>
<h2>Tool Versions:</h2>
IDE-Version: ¦ÌVision V5.24.2.0
Copyright (C) 2017 ARM Ltd and ARM Germany GmbH. All rights reserved.
License Information: 1 hyrz502@qq.com, 1, LIC=03C6R-K4EP4-DY6V3-A1JQA-1GV9L-4D7CI
 
Tool Versions:
Toolchain:       MDK-ARM Plus  Version: 5.24.1
Toolchain Path:  D:\Keil_v5\ARM\ARMCC\Bin
C Compiler:      Armcc.exe V5.06 update 5 (build 528)
Assembler:       Armasm.exe V5.06 update 5 (build 528)
Linker/Locator:  ArmLink.exe V5.06 update 5 (build 528)
Library Manager: ArmAr.exe V5.06 update 5 (build 528)
Hex Converter:   FromElf.exe V5.06 update 5 (build 528)
CPU DLL:         SARMCM3.DLL V5.24.1
Dialog DLL:      DCM.DLL V1.16.0.0
Target DLL:      STLink\ST-LINKIII-KEIL_SWO.dll V3.0.1.0
Dialog DLL:      TCM.DLL V1.32.0.0
 
<h2>Project:</h2>
D:\¹æ»®\Integrated Project\1 Environmental Monitoring Terminal\MDK-ARM\Monitoring.uvprojx
Project File Date:  08/30/2026

<h2>Output:</h2>
*** Using Compiler 'V5.06 update 5 (build 528)', folder: 'D:\Keil_v5\ARM\ARMCC\Bin'
Build target 'Monitoring'
assembling startup_stm32f103xb.s...
compiling freertos.c...
../Core/Src/freertos.c(533): warning:  #870-D: invalid multibyte character sequence
  					sprintf(SendBuf,"Temp:%dâ„? Light:%dmv Threshold:%dâ„? Interval:%ds\r\n",Temp,Voltage_int,Threshold,Collect_Period);
../Core/Src/freertos.c(533): warning:  #870-D: invalid multibyte character sequence
  					sprintf(SendBuf,"Temp:%dâ„? Light:%dmv Threshold:%dâ„? Interval:%ds\r\n",Temp,Voltage_int,Threshold,Collect_Period);
../Core/Src/freertos.c(616): warning:  #870-D: invalid multibyte character sequence
  						sprintf(SendBuf,"%d: Temp:%dâ„? Humi:%d%%RH Light:%dmv\r\n",i+1,Log[0][i],Log[1][i],Log[2][i]);
../Core/Src/freertos.c(524): warning:  #546-D: transfer of control bypasses initialization of:
            variable "Log"  (declared at line 609)
  			switch(BAG[2])
  			^
../Core/Src/freertos.c: 4 warnings, 0 errors
linking...
Program Size: Code=26092 RO-data=1308 RW-data=208 ZI-data=10904  
FromELF: creating hex file...
"Monitoring\Monitoring.axf" - 0 Error(s), 4 Warning(s).

<h2>Software Packages used:</h2>

Package Vendor: ARM
                http://www.keil.com/pack/ARM.CMSIS.5.0.1.pack
                ARM.CMSIS.5.0.1
                CMSIS (Cortex Microcontroller Software Interface Standard)
   * Component: CORE Version: 5.0.1

Package Vendor: Keil
                http://www.keil.com/pack/Keil.STM32F1xx_DFP.2.2.0.pack
                Keil.STM32F1xx_DFP.2.2.0
                STMicroelectronics STM32F1 Series Device Support, Drivers and Examples

<h2>Collection of Component include folders:</h2>
  .\RTE\_Monitoring
  D:\Keil_v5\ARM\PACK\ARM\CMSIS\5.0.1\CMSIS\Include
  D:\Keil_v5\ARM\PACK\Keil\STM32F1xx_DFP\2.2.0\Device\Include

<h2>Collection of Component Files used:</h2>

   * Component: ARM::CMSIS:CORE:5.0.1
Build Time Elapsed:  00:00:01
</pre>
</body>
</html>
