Component: ARM Compiler 5.06 update 5 (build 528) Tool: armlink [4d35e2]

==============================================================================

Section Cross References

    startup_stm32f103xb.o(RESET) refers to startup_stm32f103xb.o(STACK) for __initial_sp
    startup_stm32f103xb.o(RESET) refers to startup_stm32f103xb.o(.text) for Reset_Handler
    startup_stm32f103xb.o(RESET) refers to stm32f1xx_it.o(i.NMI_Handler) for NMI_Handler
    startup_stm32f103xb.o(RESET) refers to stm32f1xx_it.o(i.HardFault_Handler) for HardFault_Handler
    startup_stm32f103xb.o(RESET) refers to stm32f1xx_it.o(i.MemManage_Handler) for MemManage_Handler
    startup_stm32f103xb.o(RESET) refers to stm32f1xx_it.o(i.BusFault_Handler) for BusFault_Handler
    startup_stm32f103xb.o(RESET) refers to stm32f1xx_it.o(i.UsageFault_Handler) for UsageFault_Handler
    startup_stm32f103xb.o(RESET) refers to port.o(.emb_text) for SVC_Handler
    startup_stm32f103xb.o(RESET) refers to stm32f1xx_it.o(i.DebugMon_Handler) for DebugMon_Handler
    startup_stm32f103xb.o(RESET) refers to cmsis_os2.o(i.SysTick_Handler) for SysTick_Handler
    startup_stm32f103xb.o(RESET) refers to stm32f1xx_it.o(i.EXTI1_IRQHandler) for EXTI1_IRQHandler
    startup_stm32f103xb.o(RESET) refers to stm32f1xx_it.o(i.DMA1_Channel1_IRQHandler) for DMA1_Channel1_IRQHandler
    startup_stm32f103xb.o(RESET) refers to stm32f1xx_it.o(i.DMA1_Channel4_IRQHandler) for DMA1_Channel4_IRQHandler
    startup_stm32f103xb.o(RESET) refers to stm32f1xx_it.o(i.DMA1_Channel5_IRQHandler) for DMA1_Channel5_IRQHandler
    startup_stm32f103xb.o(RESET) refers to stm32f1xx_it.o(i.ADC1_2_IRQHandler) for ADC1_2_IRQHandler
    startup_stm32f103xb.o(RESET) refers to stm32f1xx_it.o(i.EXTI9_5_IRQHandler) for EXTI9_5_IRQHandler
    startup_stm32f103xb.o(RESET) refers to stm32f1xx_it.o(i.TIM4_IRQHandler) for TIM4_IRQHandler
    startup_stm32f103xb.o(RESET) refers to stm32f1xx_it.o(i.USART1_IRQHandler) for USART1_IRQHandler
    startup_stm32f103xb.o(.text) refers to system_stm32f1xx.o(i.SystemInit) for SystemInit
    startup_stm32f103xb.o(.text) refers to entry.o(.ARM.Collect$$$$00000000) for __main
    oled.o(i.OLED_Init) refers to stm32f1xx_hal.o(i.HAL_Delay) for HAL_Delay
    oled.o(i.OLED_Init) refers to oled.o(i.OLED_SendCmd) for OLED_SendCmd
    oled.o(i.OLED_NewFrame) refers to memseta.o(.text) for __aeabi_memclr
    oled.o(i.OLED_NewFrame) refers to oled.o(.bss) for .bss
    oled.o(i.OLED_SendCmd) refers to stm32f1xx_hal_i2c.o(i.HAL_I2C_Master_Transmit) for HAL_I2C_Master_Transmit
    oled.o(i.OLED_SendCmd) refers to i2c.o(.bss) for hi2c1
    oled.o(i.OLED_SetPixel) refers to oled.o(.bss) for .bss
    oled.o(i.OLED_ShowChar) refers to oled.o(.constdata) for .constdata
    oled.o(i.OLED_ShowChar) refers to oled.o(.bss) for .bss
    oled.o(i.OLED_ShowFrame) refers to oled.o(i.OLED_SendCmd) for OLED_SendCmd
    oled.o(i.OLED_ShowFrame) refers to stm32f1xx_hal_i2c.o(i.HAL_I2C_Master_Transmit) for HAL_I2C_Master_Transmit
    oled.o(i.OLED_ShowFrame) refers to oled.o(.bss) for .bss
    oled.o(i.OLED_ShowFrame) refers to i2c.o(.bss) for hi2c1
    oled.o(i.OLED_ShowNum) refers to oled.o(i.Pow) for Pow
    oled.o(i.OLED_ShowNum) refers to oled.o(i.OLED_ShowChar) for OLED_ShowChar
    oled.o(i.OLED_ShowString) refers to oled.o(i.OLED_ShowChar) for OLED_ShowChar
    dht11.o(i.DHT11_ACK) refers to stm32f1xx_hal_gpio.o(i.HAL_GPIO_ReadPin) for HAL_GPIO_ReadPin
    dht11.o(i.DHT11_Input) refers to stm32f1xx_hal_gpio.o(i.HAL_GPIO_Init) for HAL_GPIO_Init
    dht11.o(i.DHT11_Output) refers to stm32f1xx_hal_gpio.o(i.HAL_GPIO_WritePin) for HAL_GPIO_WritePin
    dht11.o(i.DHT11_Output) refers to stm32f1xx_hal_gpio.o(i.HAL_GPIO_Init) for HAL_GPIO_Init
    dht11.o(i.DHT11_R_Line) refers to stm32f1xx_hal_gpio.o(i.HAL_GPIO_ReadPin) for HAL_GPIO_ReadPin
    dht11.o(i.DHT11_RecieveByte) refers to dht11.o(i.DHT11_WaitLine) for DHT11_WaitLine
    dht11.o(i.DHT11_RecieveByte) refers to dht11.o(i.Delay_us) for Delay_us
    dht11.o(i.DHT11_RecieveByte) refers to dht11.o(i.DHT11_R_Line) for DHT11_R_Line
    dht11.o(i.DHT11_Samping) refers to dht11.o(i.DHT11_Start) for DHT11_Start
    dht11.o(i.DHT11_Samping) refers to port.o(i.vPortEnterCritical) for vPortEnterCritical
    dht11.o(i.DHT11_Samping) refers to dht11.o(i.DHT11_W_Line) for DHT11_W_Line
    dht11.o(i.DHT11_Samping) refers to dht11.o(i.Delay_us) for Delay_us
    dht11.o(i.DHT11_Samping) refers to dht11.o(i.DHT11_Input) for DHT11_Input
    dht11.o(i.DHT11_Samping) refers to dht11.o(i.DHT11_ACK) for DHT11_ACK
    dht11.o(i.DHT11_Samping) refers to dht11.o(i.DHT11_RecieveByte) for DHT11_RecieveByte
    dht11.o(i.DHT11_Samping) refers to port.o(i.vPortExitCritical) for vPortExitCritical
    dht11.o(i.DHT11_Start) refers to dht11.o(i.DHT11_Output) for DHT11_Output
    dht11.o(i.DHT11_Start) refers to dht11.o(i.DHT11_W_Line) for DHT11_W_Line
    dht11.o(i.DHT11_Start) refers to cmsis_os2.o(i.osDelay) for osDelay
[...]
    i.xQueueGiveFromISR                      0x08005bc2   Section        0  queue.o(i.xQueueGiveFromISR)
    i.xQueueGiveMutexRecursive               0x08005c5e   Section        0  queue.o(i.xQueueGiveMutexRecursive)
    i.xQueueReceive                          0x08005c9c   Section        0  queue.o(i.xQueueReceive)
    i.xQueueReceiveFromISR                   0x08005dd4   Section        0  queue.o(i.xQueueReceiveFromISR)
    i.xQueueSemaphoreTake                    0x08005e70   Section        0  queue.o(i.xQueueSemaphoreTake)
    i.xQueueTakeMutexRecursive               0x08005fe8   Section        0  queue.o(i.xQueueTakeMutexRecursive)
    i.xTaskCheckForTimeOut                   0x08006028   Section        0  tasks.o(i.xTaskCheckForTimeOut)
    i.xTaskCreate                            0x0800609c   Section        0  tasks.o(i.xTaskCreate)
    i.xTaskCreateStatic                      0x080060f6   Section        0  tasks.o(i.xTaskCreateStatic)
    i.xTaskGenericNotify                     0x0800614c   Section        0  tasks.o(i.xTaskGenericNotify)
    i.xTaskGetCurrentTaskHandle              0x0800622c   Section        0  tasks.o(i.xTaskGetCurrentTaskHandle)
    i.xTaskGetSchedulerState                 0x08006238   Section        0  tasks.o(i.xTaskGetSchedulerState)
    i.xTaskGetTickCount                      0x08006254   Section        0  tasks.o(i.xTaskGetTickCount)
    i.xTaskIncrementTick                     0x08006260   Section        0  tasks.o(i.xTaskIncrementTick)
    i.xTaskPriorityDisinherit                0x08006328   Section        0  tasks.o(i.xTaskPriorityDisinherit)
    i.xTaskPriorityInherit                   0x080063a8   Section        0  tasks.o(i.xTaskPriorityInherit)
    i.xTaskRemoveFromEventList               0x08006420   Section        0  tasks.o(i.xTaskRemoveFromEventList)
    i.xTaskResumeAll                         0x08006490   Section        0  tasks.o(i.xTaskResumeAll)
    i.xTimerCreate                           0x08006554   Section        0  timers.o(i.xTimerCreate)
    i.xTimerCreateStatic                     0x08006588   Section        0  timers.o(i.xTimerCreateStatic)
    i.xTimerCreateTimerTask                  0x080065b8   Section        0  timers.o(i.xTimerCreateTimerTask)
    i.xTimerGenericCommand                   0x08006618   Section        0  timers.o(i.xTimerGenericCommand)
    i.xTimerIsTimerActive                    0x08006680   Section        0  timers.o(i.xTimerIsTimerActive)
    i.xTimerPendFunctionCallFromISR          0x080066b0   Section        0  timers.o(i.xTimerPendFunctionCallFromISR)
    .constdata                               0x080066d8   Section      570  oled.o(.constdata)
    OLED_Font6x8                             0x080066d8   Data         570  oled.o(.constdata)
    .constdata                               0x08006914   Section      284  freertos.o(.constdata)
    .constdata                               0x08006a30   Section       18  stm32f1xx_hal_rcc.o(.constdata)
    aPredivFactorTable                       0x08006a30   Data           2  stm32f1xx_hal_rcc.o(.constdata)
    aPLLMULFactorTable                       0x08006a32   Data          16  stm32f1xx_hal_rcc.o(.constdata)
    .constdata                               0x08006a42   Section       16  system_stm32f1xx.o(.constdata)
    .constdata                               0x08006a52   Section        8  system_stm32f1xx.o(.constdata)
    .conststring                             0x08006a5c   Section      139  freertos.o(.conststring)
    .data                                    0x20000000   Section       61  freertos.o(.data)
    .data                                    0x20000040   Section       12  stm32f1xx_hal.o(.data)
    .data                                    0x2000004c   Section        4  system_stm32f1xx.o(.data)
    .data                                    0x20000050   Section       60  tasks.o(.data)
    uxDeletedTasksWaitingCleanUp             0x20000054   Data           4  tasks.o(.data)
    uxCurrentNumberOfTasks                   0x20000058   Data           4  tasks.o(.data)
    xTickCount                               0x2000005c   Data           4  tasks.o(.data)
    uxTopReadyPriority                       0x20000060   Data           4  tasks.o(.data)
    xSchedulerRunning                        0x20000064   Data           4  tasks.o(.data)
    xPendedTicks                             0x20000068   Data           4  tasks.o(.data)
    xYieldPending                            0x2000006c   Data           4  tasks.o(.data)
    xNumOfOverflows                          0x20000070   Data           4  tasks.o(.data)
    uxTaskNumber                             0x20000074   Data           4  tasks.o(.data)
    xNextTaskUnblockTime                     0x20000078   Data           4  tasks.o(.data)
    xIdleTaskHandle                          0x2000007c   Data           4  tasks.o(.data)
    uxSchedulerSuspended                     0x20000080   Data           4  tasks.o(.data)
    pxDelayedTaskList                        0x20000084   Data           4  tasks.o(.data)
    pxOverflowDelayedTaskList                0x20000088   Data           4  tasks.o(.data)
    .data                                    0x2000008c   Section       20  timers.o(.data)
    xTimerQueue                              0x2000008c   Data           4  timers.o(.data)
    xTimerTaskHandle                         0x20000090   Data           4  timers.o(.data)
    xLastTime                                0x20000094   Data           4  timers.o(.data)
    pxCurrentTimerList                       0x20000098   Data           4  timers.o(.data)
    pxOverflowTimerList                      0x2000009c   Data           4  timers.o(.data)
    .data                                    0x200000a0   Section        4  cmsis_os2.o(.data)
    KernelState                              0x200000a0   Data           4  cmsis_os2.o(.data)
    .data                                    0x200000a4   Section       32  heap_4.o(.data)
    pxEnd                                    0x200000a4   Data           4  heap_4.o(.data)
    xFreeBytesRemaining                      0x200000a8   Data           4  heap_4.o(.data)
    xMinimumEverFreeBytesRemaining           0x200000ac   Data           4  heap_4.o(.data)
    xNumberOfSuccessfulAllocations           0x200000b0   Data           4  heap_4.o(.data)
    xNumberOfSuccessfulFrees                 0x200000b4   Data           4  heap_4.o(.data)
    xBlockAllocatedBit                       0x200000b8   Data           4  heap_4.o(.data)
    xStart                                   0x200000bc   Data           8  heap_4.o(.data)
    .data                                    0x200000c4   Section       12  port.o(.data)
    ucMaxSysCallPriority                     0x200000c4   Data           1  port.o(.data)
    uxCriticalNesting                        0x200000c8   Data           4  port.o(.data)
    ulMaxPRIGROUPValue                       0x200000cc   Data           4  port.o(.data)
    .bss                                     0x200000d0   Section     1024  oled.o(.bss)
    .bss                                     0x200004d0   Section       20  freertos.o(.bss)
    .bss                                     0x200004e4   Section      116  adc.o(.bss)
    .bss                                     0x20000558   Section       84  i2c.o(.bss)
    .bss                                     0x200005ac   Section       72  tim.o(.bss)
    .bss                                     0x200005f4   Section      208  usart.o(.bss)
    .bss                                     0x200006c4   Section       72  stm32f1xx_hal_timebase_tim.o(.bss)
    .bss                                     0x2000070c   Section       64  queue.o(.bss)
    .bss                                     0x2000074c   Section     1220  tasks.o(.bss)
    pxReadyTasksLists                        0x2000074c   Data        1120  tasks.o(.bss)
    xDelayedTaskList1                        0x20000bac   Data          20  tasks.o(.bss)
    xDelayedTaskList2                        0x20000bc0   Data          20  tasks.o(.bss)
    xPendingReadyList                        0x20000bd4   Data          20  tasks.o(.bss)
    xTasksWaitingTermination                 0x20000be8   Data          20  tasks.o(.bss)
    xSuspendedTaskList                       0x20000bfc   Data          20  tasks.o(.bss)
    .bss                                     0x20000c10   Section      280  timers.o(.bss)
    xStaticTimerQueue                        0x20000c10   Data          80  timers.o(.bss)
    ucStaticTimerQueueStorage                0x20000c60   Data         160  timers.o(.bss)
    xActiveTimerList1                        0x20000d00   Data          20  timers.o(.bss)
    xActiveTimerList2                        0x20000d14   Data          20  timers.o(.bss)
    .bss                                     0x20000d28   Section     1720  cmsis_os2.o(.bss)
    Idle_TCB                                 0x20000d28   Data          92  cmsis_os2.o(.bss)
    Idle_Stack                               0x20000d84   Data         512  cmsis_os2.o(.bss)
    Timer_TCB                                0x20000f84   Data          92  cmsis_os2.o(.bss)
    Timer_Stack                              0x20000fe0   Data        1024  cmsis_os2.o(.bss)
    .bss                                     0x200013e0   Section     5000  heap_4.o(.bss)
    ucHeap                                   0x200013e0   Data        5000  heap_4.o(.bss)
    STACK                                    0x20002768   Section     1024  startup_stm32f103xb.o(STACK)

    Global Symbols

    Symbol Name                              Value     Ov Type        Size  Object(Section)

    BuildAttributes$$THM_ISAv4$P$D$K$B$S$PE$A:L22UL41UL21$X:L11$S22US41US21$IEEE1$IW$USESV6$~STKCKD$USESV7$~SHL$OSPACE$ROPI$EBA8$MICROLIB$REQ8$PRES8$EABIv2 0x00000000   Number         0  anon$$obj.o ABSOLUTE
    __ARM_use_no_argv                        0x00000000   Number         0  main.o ABSOLUTE
    _printf_a                                0x00000000   Number         0  stubs.o ABSOLUTE
    _printf_c                                0x00000000   Number         0  stubs.o ABSOLUTE
    _printf_charcount                        0x00000000   Number         0  stubs.o ABSOLUTE
    _printf_d                                0x00000000   Number         0  stubs.o ABSOLUTE
    _printf_e                                0x00000000   Number         0  stubs.o ABSOLUTE
    _printf_f                                0x00000000   Number         0  stubs.o ABSOLUTE
    _printf_flags                            0x00000000   Number         0  stubs.o ABSOLUTE
    _printf_fp_dec                           0x00000000   Number         0  stubs.o ABSOLUTE
    _printf_fp_hex                           0x00000000   Number         0  stubs.o ABSOLUTE
    _printf_g                                0x00000000   Number         0  stubs.o ABSOLUTE
    _printf_i                                0x00000000   Number         0  stubs.o ABSOLUTE
    _printf_int_dec                          0x00000000   Number         0  stubs.o ABSOLUTE
    _printf_l                                0x00000000   Number         0  stubs.o ABSOLUTE
    _printf_lc                               0x00000000   Number         0  stubs.o ABSOLUTE
    _printf_ll                               0x00000000   Number         0  stubs.o ABSOLUTE
    _printf_lld                              0x00000000   Number         0  stubs.o ABSOLUTE
    _printf_lli                              0x00000000   Number         0  stubs.o ABSOLUTE
    _printf_llo                              0x00000000   Number         0  stubs.o ABSOLUTE
    _printf_llu                              0x00000000   Number         0  stubs.o ABSOLUTE
    _printf_llx                              0x00000000   Number         0  stubs.o ABSOLUTE
    _printf_longlong_dec                     0x00000000   Number         0  stubs.o ABSOLUTE
    _printf_longlong_hex                     0x00000000   Number         0  stubs.o ABSOLUTE
    _printf_longlong_oct                     0x00000000   Number         0  stubs.o ABSOLUTE
    _printf_ls                               0x00000000   Number         0  stubs.o ABSOLUTE
    _printf_mbtowc                           0x00000000   Number         0  stubs.o ABSOLUTE
    _printf_n                                0x00000000   Number         0  stubs.o ABSOLUTE
    _printf_o                                0x00000000   Number         0  stubs.o ABSOLUTE
    _printf_p                                0x00000000   Number         0  stubs.o ABSOLUTE
    _printf_percent                          0x00000000   Number         0  stubs.o ABSOLUTE
    _printf_pre_padding                      0x00000000   Number         0  stubs.o ABSOLUTE
    _printf_return_value                     0x00000000   Number         0  stubs.o ABSOLUTE
    _printf_s                                0x00000000   Number         0  stubs.o ABSOLUTE
    _printf_sizespec                         0x00000000   Number         0  stubs.o ABSOLUTE
    _printf_str                              0x00000000   Number         0  stubs.o ABSOLUTE
    _printf_truncate_signed                  0x00000000   Number         0  stubs.o ABSOLUTE
    _printf_truncate_unsigned                0x00000000   Number         0  stubs.o ABSOLUTE
    _printf_u                                0x00000000   Number         0  stubs.o ABSOLUTE
    _printf_wc                               0x00000000   Number         0  stubs.o ABSOLUTE
    _printf_wctomb                           0x00000000   Number         0  stubs.o ABSOLUTE
    _printf_widthprec                        0x00000000   Number         0  stubs.o ABSOLUTE
    _printf_x                                0x00000000   Number         0  stubs.o ABSOLUTE
    __cpp_initialize__aeabi_                  - Undefined Weak Reference
    __cxa_finalize                            - Undefined Weak Reference
    __decompress                              - Undefined Weak Reference
    _clock_init                               - Undefined Weak Reference
    _microlib_exit                            - Undefined Weak Reference
    __Vectors_Size                           0x000000ec   Number         0  startup_stm32f103xb.o ABSOLUTE
    __Vectors                                0x08000000   Data           4  startup_stm32f103xb.o(RESET)
    __Vectors_End                            0x080000ec   Data           0  startup_stm32f103xb.o(RESET)
    __main                                   0x080000ed   Thumb Code     0  entry.o(.ARM.Collect$$$$00000000)
    _main_stk                                0x080000ed   Thumb Code     0  entry2.o(.ARM.Collect$$$$00000001)
    _main_scatterload                        0x080000f1   Thumb Code     0  entry5.o(.ARM.Collect$$$$00000004)
    __main_after_scatterload                 0x080000f5   Thumb Code     0  entry5.o(.ARM.Collect$$$$00000004)
    _main_clock                              0x080000f5   Thumb Code     0  entry7b.o(.ARM.Collect$$$$00000008)
    _main_cpp_init                           0x080000f5   Thumb Code     0  entry8b.o(.ARM.Collect$$$$0000000A)
    _main_init                               0x080000f5   Thumb Code     0  entry9a.o(.ARM.Collect$$$$0000000B)
    __rt_final_cpp                           0x080000fd   Thumb Code     0  entry10a.o(.ARM.Collect$$$$0000000D)
    __rt_final_exit                          0x080000fd   Thumb Code     0  entry11a.o(.ARM.Collect$$$$0000000F)
    SVC_Handler                              0x08000101   Thumb Code    32  port.o(.emb_text)
    __asm___6_port_c_39a90d8d__prvStartFirstTask 0x08000125   Thumb Code    28  port.o(.emb_text)
    PendSV_Handler                           0x08000145   Thumb Code    72  port.o(.emb_text)
    vPortGetIPSR                             0x08000191   Thumb Code     6  port.o(.emb_text)
    Reset_Handler                            0x08000199   Thumb Code     8  startup_stm32f103xb.o(.text)
    CAN1_RX1_IRQHandler                      0x080001b3   Thumb Code     0  startup_stm32f103xb.o(.text)
    CAN1_SCE_IRQHandler                      0x080001b3   Thumb Code     0  startup_stm32f103xb.o(.text)
    DMA1_Channel2_IRQHandler                 0x080001b3   Thumb Code     0  startup_stm32f103xb.o(.text)
    DMA1_Channel3_IRQHandler                 0x080001b3   Thumb Code     0  startup_stm32f103xb.o(.text)
    DMA1_Channel6_IRQHandler                 0x080001b3   Thumb Code     0  startup_stm32f103xb.o(.text)
    DMA1_Channel7_IRQHandler                 0x080001b3   Thumb Code     0  startup_stm32f103xb.o(.text)
    EXTI0_IRQHandler                         0x080001b3   Thumb Code     0  startup_stm32f103xb.o(.text)
    EXTI15_10_IRQHandler                     0x080001b3   Thumb Code     0  startup_stm32f103xb.o(.text)
    EXTI2_IRQHandler                         0x080001b3   Thumb Code     0  startup_stm32f103xb.o(.text)
    EXTI3_IRQHandler                         0x080001b3   Thumb Code     0  startup_stm32f103xb.o(.text)
    EXTI4_IRQHandler                         0x080001b3   Thumb Code     0  startup_stm32f103xb.o(.text)
    FLASH_IRQHandler                         0x080001b3   Thumb Code     0  startup_stm32f103xb.o(.text)
    I2C1_ER_IRQHandler                       0x080001b3   Thumb Code     0  startup_stm32f103xb.o(.text)
    I2C1_EV_IRQHandler                       0x080001b3   Thumb Code     0  startup_stm32f103xb.o(.text)
    I2C2_ER_IRQHandler                       0x080001b3   Thumb Code     0  startup_stm32f103xb.o(.text)
    I2C2_EV_IRQHandler                       0x080001b3   Thumb Code     0  startup_stm32f103xb.o(.text)
    PVD_IRQHandler                           0x080001b3   Thumb Code     0  startup_stm32f103xb.o(.text)
    RCC_IRQHandler                           0x080001b3   Thumb Code     0  startup_stm32f103xb.o(.text)
    RTC_Alarm_IRQHandler                     0x080001b3   Thumb Code     0  startup_stm32f103xb.o(.text)
    RTC_IRQHandler                           0x080001b3   Thumb Code     0  startup_stm32f103xb.o(.text)
    SPI1_IRQHandler                          0x080001b3   Thumb Code     0  startup_stm32f103xb.o(.text)
    SPI2_IRQHandler                          0x080001b3   Thumb Code     0  startup_stm32f103xb.o(.text)
    TAMPER_IRQHandler                        0x080001b3   Thumb Code     0  startup_stm32f103xb.o(.text)
    TIM1_BRK_IRQHandler                      0x080001b3   Thumb Code     0  startup_stm32f103xb.o(.text)
    TIM1_CC_IRQHandler                       0x080001b3   Thumb Code     0  startup_stm32f103xb.o(.text)
    TIM1_TRG_COM_IRQHandler                  0x080001b3   Thumb Code     0  startup_stm32f103xb.o(.text)
    TIM1_UP_IRQHandler                       0x080001b3   Thumb Code     0  startup_stm32f103xb.o(.text)
    TIM2_IRQHandler                          0x080001b3   Thumb Code     0  startup_stm32f103xb.o(.text)
    TIM3_IRQHandler                          0x080001b3   Thumb Code     0  startup_stm32f103xb.o(.text)
    USART2_IRQHandler                        0x080001b3   Thumb Code     0  startup_stm32f103xb.o(.text)
    USART3_IRQHandler                        0x080001b3   Thumb Code     0  startup_stm32f103xb.o(.text)
    USBWakeUp_IRQHandler                     0x080001b3   Thumb Code     0  startup_stm32f103xb.o(.text)
    USB_HP_CAN1_TX_IRQHandler                0x080001b3   Thumb Code     0  startup_stm32f103xb.o(.text)
    USB_LP_CAN1_RX0_IRQHandler               0x080001b3   Thumb Code     0  startup_stm32f103xb.o(.text)
    WWDG_IRQHandler                          0x080001b3   Thumb Code     0  startup_stm32f103xb.o(.text)
    __aeabi_memcpy                           0x080001bd   Thumb Code    36  memcpya.o(.text)
    __aeabi_memcpy4                          0x080001bd   Thumb Code     0  memcpya.o(.text)
    __aeabi_memcpy8                          0x080001bd   Thumb Code     0  memcpya.o(.text)
    __aeabi_memset                           0x080001e1   Thumb Code    14  memseta.o(.text)
    __aeabi_memset4                          0x080001e1   Thumb Code     0  memseta.o(.text)
    __aeabi_memset8                          0x080001e1   Thumb Code     0  memseta.o(.text)
    __aeabi_memclr                           0x080001ef   Thumb Code     4  memseta.o(.text)
    __aeabi_memclr4                          0x080001ef   Thumb Code     0  memseta.o(.text)
    __aeabi_memclr8                          0x080001ef   Thumb Code     0  memseta.o(.text)
    memset                                   0x080001f3   Thumb Code    18  memseta.o(.text)
    strlen                                   0x08000205   Thumb Code    14  strlen.o(.text)
    strcmp                                   0x08000213   Thumb Code    28  strcmp.o(.text)
    strcpy                                   0x0800022f   Thumb Code    18  strcpy.o(.text)
    __aeabi_uidiv                            0x08000241   Thumb Code     0  uidiv.o(.text)
    __aeabi_uidivmod                         0x08000241   Thumb Code    44  uidiv.o(.text)
    __scatterload                            0x0800026d   Thumb Code    28  init.o(.text)
    __scatterload_rt2                        0x0800026d   Thumb Code     0  init.o(.text)
    ADC1_2_IRQHandler                        0x08000291   Thumb Code     6  stm32f1xx_it.o(i.ADC1_2_IRQHandler)
    ADC_ConversionStop_Disable               0x0800029d   Thumb Code    86  stm32f1xx_hal_adc.o(i.ADC_ConversionStop_Disable)
    ADC_DMAConvCplt                          0x080002f3   Thumb Code    78  stm32f1xx_hal_adc.o(i.ADC_DMAConvCplt)
    ADC_DMAError                             0x08000341   Thumb Code    26  stm32f1xx_hal_adc.o(i.ADC_DMAError)
    ADC_DMAHalfConvCplt                      0x0800035b   Thumb Code    10  stm32f1xx_hal_adc.o(i.ADC_DMAHalfConvCplt)
    ADC_Enable                               0x08000365   Thumb Code   114  stm32f1xx_hal_adc.o(i.ADC_Enable)
    BusFault_Handler                         0x080003e1   Thumb Code     2  stm32f1xx_it.o(i.BusFault_Handler)
    CaliReceived                             0x080003e3   Thumb Code    38  freertos.o(i.CaliReceived)
    CaliXOR                                  0x08000409   Thumb Code    26  freertos.o(i.CaliXOR)
    Callback01                               0x08000425   Thumb Code    14  freertos.o(i.Callback01)
    DHT11_ACK                                0x08000439   Thumb Code    94  dht11.o(i.DHT11_ACK)
    DHT11_Input                              0x0800049d   Thumb Code    50  dht11.o(i.DHT11_Input)
    DHT11_Output                             0x080004d9   Thumb Code    72  dht11.o(i.DHT11_Output)
    DHT11_R_Line                             0x08000529   Thumb Code    20  dht11.o(i.DHT11_R_Line)
    DHT11_RecieveByte                        0x08000541   Thumb Code   122  dht11.o(i.DHT11_RecieveByte)
    DHT11_Samping                            0x080005bb   Thumb Code    58  dht11.o(i.DHT11_Samping)
    DHT11_Start                              0x080005f5   Thumb Code    22  dht11.o(i.DHT11_Start)
    DHT11_W_Line                             0x0800060d   Thumb Code    20  dht11.o(i.DHT11_W_Line)
    DHT11_WaitLine                           0x08000625   Thumb Code    28  dht11.o(i.DHT11_WaitLine)
    DMA1_Channel1_IRQHandler                 0x08000641   Thumb Code     6  stm32f1xx_it.o(i.DMA1_Channel1_IRQHandler)
    DMA1_Channel4_IRQHandler                 0x0800064d   Thumb Code     6  stm32f1xx_it.o(i.DMA1_Channel4_IRQHandler)
    DMA1_Channel5_IRQHandler                 0x08000659   Thumb Code     6  stm32f1xx_it.o(i.DMA1_Channel5_IRQHandler)
    DebugMon_Handler                         0x0800068f   Thumb Code     2  stm32f1xx_it.o(i.DebugMon_Handler)
    Delay_us                                 0x08000691   Thumb Code    36  dht11.o(i.Delay_us)
    EXTI1_IRQHandler                         0x080006b9   Thumb Code     6  stm32f1xx_it.o(i.EXTI1_IRQHandler)
    EXTI9_5_IRQHandler                       0x080006bf   Thumb Code     6  stm32f1xx_it.o(i.EXTI9_5_IRQHandler)
    Error_Handler                            0x080006c5   Thumb Code     4  main.o(i.Error_Handler)
    HAL_ADCEx_InjectedConvCpltCallback       0x080006c9   Thumb Code     2  stm32f1xx_hal_adc_ex.o(i.HAL_ADCEx_InjectedConvCpltCallback)
    HAL_ADC_ConfigChannel                    0x080006cd   Thumb Code   240  stm32f1xx_hal_adc.o(i.HAL_ADC_ConfigChannel)
    HAL_ADC_ConvCpltCallback                 0x080007c9   Thumb Code    48  freertos.o(i.HAL_ADC_ConvCpltCallback)
    HAL_ADC_ConvHalfCpltCallback             0x08000805   Thumb Code     2  stm32f1xx_hal_adc.o(i.HAL_ADC_ConvHalfCpltCallback)
    HAL_ADC_ErrorCallback                    0x08000807   Thumb Code     2  stm32f1xx_hal_adc.o(i.HAL_ADC_ErrorCallback)
    HAL_ADC_IRQHandler                       0x08000809   Thumb Code   220  stm32f1xx_hal_adc.o(i.HAL_ADC_IRQHandler)
    HAL_ADC_Init                             0x080008e5   Thumb Code   272  stm32f1xx_hal_adc.o(i.HAL_ADC_Init)
    HAL_ADC_LevelOutOfWindowCallback         0x08000a01   Thumb Code     2  stm32f1xx_hal_adc.o(i.HAL_ADC_LevelOutOfWindowCallback)
    HAL_ADC_MspInit                          0x08000a05   Thumb Code   136  adc.o(i.HAL_ADC_MspInit)
    HAL_ADC_Start_DMA                        0x08000aa1   Thumb Code   246  stm32f1xx_hal_adc.o(i.HAL_ADC_Start_DMA)
    HAL_ADC_Stop_DMA                         0x08000bad   Thumb Code    86  stm32f1xx_hal_adc.o(i.HAL_ADC_Stop_DMA)
    HAL_DMA_Abort                            0x08000c03   Thumb Code    70  stm32f1xx_hal_dma.o(i.HAL_DMA_Abort)
    HAL_DMA_Abort_IT                         0x08000c49   Thumb Code   148  stm32f1xx_hal_dma.o(i.HAL_DMA_Abort_IT)
    HAL_DMA_IRQHandler                       0x08000ce1   Thumb Code   316  stm32f1xx_hal_dma.o(i.HAL_DMA_IRQHandler)
    HAL_DMA_Init                             0x08000e35   Thumb Code    84  stm32f1xx_hal_dma.o(i.HAL_DMA_Init)
    HAL_DMA_Start_IT                         0x08000e91   Thumb Code   112  stm32f1xx_hal_dma.o(i.HAL_DMA_Start_IT)
    HAL_Delay                                0x08000f01   Thumb Code    32  stm32f1xx_hal.o(i.HAL_Delay)
    HAL_GPIO_EXTI_Callback                   0x08000f25   Thumb Code    48  freertos.o(i.HAL_GPIO_EXTI_Callback)
    HAL_GPIO_EXTI_IRQHandler                 0x08000f5d   Thumb Code    18  stm32f1xx_hal_gpio.o(i.HAL_GPIO_EXTI_IRQHandler)
    HAL_GPIO_Init                            0x08000f75   Thumb Code   446  stm32f1xx_hal_gpio.o(i.HAL_GPIO_Init)
    HAL_GPIO_ReadPin                         0x08001155   Thumb Code    10  stm32f1xx_hal_gpio.o(i.HAL_GPIO_ReadPin)
    HAL_GPIO_TogglePin                       0x0800115f   Thumb Code    16  stm32f1xx_hal_gpio.o(i.HAL_GPIO_TogglePin)
    HAL_GPIO_WritePin                        0x0800116f   Thumb Code    10  stm32f1xx_hal_gpio.o(i.HAL_GPIO_WritePin)
    HAL_GetTick                              0x08001179   Thumb Code     6  stm32f1xx_hal.o(i.HAL_GetTick)
    HAL_I2C_Init                             0x08001185   Thumb Code   376  stm32f1xx_hal_i2c.o(i.HAL_I2C_Init)
    HAL_I2C_Master_Transmit                  0x0800130d   Thumb Code   290  stm32f1xx_hal_i2c.o(i.HAL_I2C_Master_Transmit)
    HAL_I2C_MspInit                          0x08001439   Thumb Code    96  i2c.o(i.HAL_I2C_MspInit)
    HAL_IncTick                              0x080014a9   Thumb Code    12  stm32f1xx_hal.o(i.HAL_IncTick)
    HAL_Init                                 0x080014b9   Thumb Code    32  stm32f1xx_hal.o(i.HAL_Init)
    HAL_InitTick                             0x080014dd   Thumb Code   132  stm32f1xx_hal_timebase_tim.o(i.HAL_InitTick)
    HAL_MspInit                              0x08001575   Thumb Code    62  stm32f1xx_hal_msp.o(i.HAL_MspInit)
    HAL_NVIC_EnableIRQ                       0x080015bd   Thumb Code    26  stm32f1xx_hal_cortex.o(i.HAL_NVIC_EnableIRQ)
    HAL_NVIC_SetPriority                     0x080015d9   Thumb Code    60  stm32f1xx_hal_cortex.o(i.HAL_NVIC_SetPriority)
    HAL_NVIC_SetPriorityGrouping             0x08001619   Thumb Code    26  stm32f1xx_hal_cortex.o(i.HAL_NVIC_SetPriorityGrouping)
    HAL_RCCEx_PeriphCLKConfig                0x0800163d   Thumb Code   224  stm32f1xx_hal_rcc_ex.o(i.HAL_RCCEx_PeriphCLKConfig)
    HAL_RCC_ClockConfig                      0x08001729   Thumb Code   280  stm32f1xx_hal_rcc.o(i.HAL_RCC_ClockConfig)
    HAL_RCC_GetClockConfig                   0x08001855   Thumb Code    54  stm32f1xx_hal_rcc.o(i.HAL_RCC_GetClockConfig)
    HAL_RCC_GetPCLK1Freq                     0x08001895   Thumb Code    20  stm32f1xx_hal_rcc.o(i.HAL_RCC_GetPCLK1Freq)
    HAL_RCC_GetPCLK2Freq                     0x080018b5   Thumb Code    20  stm32f1xx_hal_rcc.o(i.HAL_RCC_GetPCLK2Freq)
    HAL_RCC_GetSysClockFreq                  0x080018d5   Thumb Code    58  stm32f1xx_hal_rcc.o(i.HAL_RCC_GetSysClockFreq)
    HAL_RCC_OscConfig                        0x08001921   Thumb Code   778  stm32f1xx_hal_rcc.o(i.HAL_RCC_OscConfig)
    HAL_TIMEx_BreakCallback                  0x08001c41   Thumb Code     2  stm32f1xx_hal_tim_ex.o(i.HAL_TIMEx_BreakCallback)
    HAL_TIMEx_CommutCallback                 0x08001c43   Thumb Code     2  stm32f1xx_hal_tim_ex.o(i.HAL_TIMEx_CommutCallback)
    HAL_TIMEx_MasterConfigSynchronization    0x08001c45   Thumb Code    92  stm32f1xx_hal_tim_ex.o(i.HAL_TIMEx_MasterConfigSynchronization)
    HAL_TIM_Base_Init                        0x08001cad   Thumb Code    90  stm32f1xx_hal_tim.o(i.HAL_TIM_Base_Init)
    HAL_TIM_Base_MspInit                     0x08001d09   Thumb Code    30  tim.o(i.HAL_TIM_Base_MspInit)
    HAL_TIM_Base_Start                       0x08001d2d   Thumb Code    66  stm32f1xx_hal_tim.o(i.HAL_TIM_Base_Start)
    HAL_TIM_Base_Start_IT                    0x08001d7d   Thumb Code    76  stm32f1xx_hal_tim.o(i.HAL_TIM_Base_Start_IT)
    HAL_TIM_Base_Stop                        0x08001dd5   Thumb Code    38  stm32f1xx_hal_tim.o(i.HAL_TIM_Base_Stop)
    HAL_TIM_ConfigClockSource                0x08001dfb   Thumb Code   220  stm32f1xx_hal_tim.o(i.HAL_TIM_ConfigClockSource)
    HAL_TIM_IC_CaptureCallback               0x08001ed7   Thumb Code     2  stm32f1xx_hal_tim.o(i.HAL_TIM_IC_CaptureCallback)
    HAL_TIM_IRQHandler                       0x08001ed9   Thumb Code   304  stm32f1xx_hal_tim.o(i.HAL_TIM_IRQHandler)
    HAL_TIM_OC_DelayElapsedCallback          0x08002009   Thumb Code     2  stm32f1xx_hal_tim.o(i.HAL_TIM_OC_DelayElapsedCallback)
    HAL_TIM_PWM_PulseFinishedCallback        0x0800200b   Thumb Code     2  stm32f1xx_hal_tim.o(i.HAL_TIM_PWM_PulseFinishedCallback)
    HAL_TIM_PeriodElapsedCallback            0x0800200d   Thumb Code    14  main.o(i.HAL_TIM_PeriodElapsedCallback)
    HAL_TIM_TriggerCallback                  0x08002021   Thumb Code     2  stm32f1xx_hal_tim.o(i.HAL_TIM_TriggerCallback)
    HAL_UARTEx_ReceiveToIdle_DMA             0x08002023   Thumb Code    74  stm32f1xx_hal_uart.o(i.HAL_UARTEx_ReceiveToIdle_DMA)
    HAL_UARTEx_RxEventCallback               0x0800206d   Thumb Code    74  freertos.o(i.HAL_UARTEx_RxEventCallback)
    HAL_UART_ErrorCallback                   0x080020cd   Thumb Code     2  stm32f1xx_hal_uart.o(i.HAL_UART_ErrorCallback)
    HAL_UART_IRQHandler                      0x080020d1   Thumb Code   616  stm32f1xx_hal_uart.o(i.HAL_UART_IRQHandler)
    HAL_UART_Init                            0x0800233d   Thumb Code   100  stm32f1xx_hal_uart.o(i.HAL_UART_Init)
    HAL_UART_MspInit                         0x080023a1   Thumb Code   198  usart.o(i.HAL_UART_MspInit)
    HAL_UART_RxCpltCallback                  0x0800247d   Thumb Code     2  stm32f1xx_hal_uart.o(i.HAL_UART_RxCpltCallback)
    HAL_UART_RxHalfCpltCallback              0x0800247f   Thumb Code     2  stm32f1xx_hal_uart.o(i.HAL_UART_RxHalfCpltCallback)
    HAL_UART_Transmit_DMA                    0x08002481   Thumb Code   106  stm32f1xx_hal_uart.o(i.HAL_UART_Transmit_DMA)
    HAL_UART_TxCpltCallback                  0x080024f9   Thumb Code     2  stm32f1xx_hal_uart.o(i.HAL_UART_TxCpltCallback)
    HAL_UART_TxHalfCpltCallback              0x080024fb   Thumb Code     2  stm32f1xx_hal_uart.o(i.HAL_UART_TxHalfCpltCallback)
    HardFault_Handler                        0x080024fd   Thumb Code     2  stm32f1xx_it.o(i.HardFault_Handler)
    MX_ADC1_Init                             0x080027c5   Thumb Code    68  adc.o(i.MX_ADC1_Init)
    MX_DMA_Init                              0x08002811   Thumb Code    72  dma.o(i.MX_DMA_Init)
    MX_FREERTOS_Init                         0x0800285d   Thumb Code   156  freertos.o(i.MX_FREERTOS_Init)
    MX_GPIO_Init                             0x08002919   Thumb Code   184  gpio.o(i.MX_GPIO_Init)
    MX_I2C1_Init                             0x080029e1   Thumb Code    50  i2c.o(i.MX_I2C1_Init)
    MX_TIM2_Init                             0x08002a21   Thumb Code    98  tim.o(i.MX_TIM2_Init)
    MX_USART1_UART_Init                      0x08002a89   Thumb Code    48  usart.o(i.MX_USART1_UART_Init)
    MemManage_Handler                        0x08002ac1   Thumb Code     2  stm32f1xx_it.o(i.MemManage_Handler)
    NMI_Handler                              0x08002ac3   Thumb Code     2  stm32f1xx_it.o(i.NMI_Handler)
    OLED_Init                                0x08002ac5   Thumb Code   162  oled.o(i.OLED_Init)
    OLED_NewFrame                            0x08002b69   Thumb Code    10  oled.o(i.OLED_NewFrame)
    OLED_SendCmd                             0x08002b79   Thumb Code    30  oled.o(i.OLED_SendCmd)
    OLED_ShowChar                            0x08002b9d   Thumb Code    62  oled.o(i.OLED_ShowChar)
    OLED_ShowFrame                           0x08002be5   Thumb Code    86  oled.o(i.OLED_ShowFrame)
    OLED_ShowNum                             0x08002c45   Thumb Code    70  oled.o(i.OLED_ShowNum)
    OLED_ShowString                          0x08002c8b   Thumb Code    58  oled.o(i.OLED_ShowString)
    Pow                                      0x08002cc5   Thumb Code    18  oled.o(i.Pow)
    StartAlarmTask                           0x08002cd9   Thumb Code    96  freertos.o(i.StartAlarmTask)
    StartCollectTask                         0x08002d41   Thumb Code   374  freertos.o(i.StartCollectTask)
    StartKeyTask                             0x08002f39   Thumb Code   492  freertos.o(i.StartKeyTask)
    StartSerialTask                          0x08003139   Thumb Code   706  freertos.o(i.StartSerialTask)
    StartShowTask                            0x080034cd   Thumb Code   410  freertos.o(i.StartShowTask)
    SysTick_Handler                          0x080036b9   Thumb Code    26  cmsis_os2.o(i.SysTick_Handler)
    SystemClock_Config                       0x080036d3   Thumb Code   122  main.o(i.SystemClock_Config)
    SystemInit                               0x0800374d   Thumb Code     2  system_stm32f1xx.o(i.SystemInit)
    TIM4_IRQHandler                          0x08003751   Thumb Code     6  stm32f1xx_it.o(i.TIM4_IRQHandler)
    TIM_Base_SetConfig                       0x0800375d   Thumb Code   108  stm32f1xx_hal_tim.o(i.TIM_Base_SetConfig)
    TIM_ETR_SetConfig                        0x080037d5   Thumb Code    20  stm32f1xx_hal_tim.o(i.TIM_ETR_SetConfig)
    UART_Start_Receive_DMA                   0x08003b85   Thumb Code   130  stm32f1xx_hal_uart.o(i.UART_Start_Receive_DMA)
    USART1_IRQHandler                        0x08003c15   Thumb Code     6  stm32f1xx_it.o(i.USART1_IRQHandler)
    UsageFault_Handler                       0x08003c21   Thumb Code     2  stm32f1xx_it.o(i.UsageFault_Handler)
    __0sprintf$1                             0x08003c25   Thumb Code    34  printf1.o(i.__0sprintf$1)
    __1sprintf$1                             0x08003c25   Thumb Code     0  printf1.o(i.__0sprintf$1)
    __2sprintf                               0x08003c25   Thumb Code     0  printf1.o(i.__0sprintf$1)
    __scatterload_copy                       0x08003c6d   Thumb Code    14  handlers.o(i.__scatterload_copy)
    __scatterload_null                       0x08003c7b   Thumb Code     2  handlers.o(i.__scatterload_null)
    __scatterload_zeroinit                   0x08003c7d   Thumb Code    14  handlers.o(i.__scatterload_zeroinit)
    main                                     0x08003deb   Thumb Code    46  main.o(i.main)
    osDelay                                  0x08003e19   Thumb Code    26  cmsis_os2.o(i.osDelay)
    osEventFlagsClear                        0x08003e33   Thumb Code    62  cmsis_os2.o(i.osEventFlagsClear)
    osEventFlagsNew                          0x08003e71   Thumb Code    44  cmsis_os2.o(i.osEventFlagsNew)
    osEventFlagsSet                          0x08003e9d   Thumb Code    78  cmsis_os2.o(i.osEventFlagsSet)
    osEventFlagsWait                         0x08003ef1   Thumb Code    98  cmsis_os2.o(i.osEventFlagsWait)
    osKernelInitialize                       0x08003f55   Thumb Code    32  cmsis_os2.o(i.osKernelInitialize)
    osKernelStart                            0x08003f79   Thumb Code    48  cmsis_os2.o(i.osKernelStart)
    osMessageQueueGet                        0x08003fb1   Thumb Code    96  cmsis_os2.o(i.osMessageQueueGet)
    osMessageQueueNew                        0x08004015   Thumb Code    88  cmsis_os2.o(i.osMessageQueueNew)
    osMessageQueuePut                        0x0800406d   Thumb Code   100  cmsis_os2.o(i.osMessageQueuePut)
    osMutexAcquire                           0x080040d5   Thumb Code    82  cmsis_os2.o(i.osMutexAcquire)
    osMutexNew                               0x08004127   Thumb Code   104  cmsis_os2.o(i.osMutexNew)
    osMutexRelease                           0x0800418f   Thumb Code    66  cmsis_os2.o(i.osMutexRelease)
    osSemaphoreAcquire                       0x080041d1   Thumb Code    88  cmsis_os2.o(i.osSemaphoreAcquire)
    osSemaphoreNew                           0x0800422d   Thumb Code   152  cmsis_os2.o(i.osSemaphoreNew)
    osThreadNew                              0x080042c5   Thumb Code   138  cmsis_os2.o(i.osThreadNew)
    osTimerNew                               0x08004351   Thumb Code   116  cmsis_os2.o(i.osTimerNew)
    osTimerStart                             0x080043c9   Thumb Code    50  cmsis_os2.o(i.osTimerStart)
    osTimerStop                              0x080043fb   Thumb Code    68  cmsis_os2.o(i.osTimerStop)
    pvPortMalloc                             0x08004c4d   Thumb Code   216  heap_4.o(i.pvPortMalloc)
    pvTaskIncrementMutexHeldCount            0x08004d29   Thumb Code    18  tasks.o(i.pvTaskIncrementMutexHeldCount)
    pvTimerGetTimerID                        0x08004d41   Thumb Code    36  timers.o(i.pvTimerGetTimerID)
    pxPortInitialiseStack                    0x08004d65   Thumb Code    32  port.o(i.pxPortInitialiseStack)
    ulTaskNotifyTake                         0x08004d89   Thumb Code    96  tasks.o(i.ulTaskNotifyTake)
    uxListRemove                             0x08004df1   Thumb Code    38  list.o(i.uxListRemove)
    uxTaskResetEventItemValue                0x08004e19   Thumb Code    20  tasks.o(i.uxTaskResetEventItemValue)
    vApplicationGetIdleTaskMemory            0x08004e31   Thumb Code    16  cmsis_os2.o(i.vApplicationGetIdleTaskMemory)
    vApplicationGetTimerTaskMemory           0x08004e45   Thumb Code    18  cmsis_os2.o(i.vApplicationGetTimerTaskMemory)
    vEventGroupClearBitsCallback             0x08004e5d   Thumb Code     4  event_groups.o(i.vEventGroupClearBitsCallback)
    vEventGroupSetBitsCallback               0x08004e61   Thumb Code     4  event_groups.o(i.vEventGroupSetBitsCallback)
    vListInitialise                          0x08004e65   Thumb Code    22  list.o(i.vListInitialise)
    vListInitialiseItem                      0x08004e7b   Thumb Code     6  list.o(i.vListInitialiseItem)
    vListInsert                              0x08004e81   Thumb Code    48  list.o(i.vListInsert)
    vListInsertEnd                           0x08004eb1   Thumb Code    24  list.o(i.vListInsertEnd)
    vPortEnterCritical                       0x08004ec9   Thumb Code    54  port.o(i.vPortEnterCritical)
    vPortExitCritical                        0x08004f09   Thumb Code    34  port.o(i.vPortExitCritical)
    vPortFree                                0x08004f31   Thumb Code    94  heap_4.o(i.vPortFree)
    vPortSetupTimerInterrupt                 0x08004f95   Thumb Code    32  port.o(i.vPortSetupTimerInterrupt)
    vPortValidateInterruptPriority           0x08004fb9   Thumb Code    74  port.o(i.vPortValidateInterruptPriority)
    vQueueAddToRegistry                      0x0800500d   Thumb Code    34  queue.o(i.vQueueAddToRegistry)
    vQueueDelete                             0x08005035   Thumb Code    46  queue.o(i.vQueueDelete)
    vQueueUnregisterQueue                    0x08005065   Thumb Code    36  queue.o(i.vQueueUnregisterQueue)
    vQueueWaitForMessageRestricted           0x0800508d   Thumb Code    68  queue.o(i.vQueueWaitForMessageRestricted)
    vTaskDelay                               0x080050d1   Thumb Code    66  tasks.o(i.vTaskDelay)
    vTaskInternalSetTimeOutState             0x0800511d   Thumb Code    12  tasks.o(i.vTaskInternalSetTimeOutState)
    vTaskMissedYield                         0x0800512d   Thumb Code     8  tasks.o(i.vTaskMissedYield)
    vTaskNotifyGiveFromISR                   0x08005139   Thumb Code   162  tasks.o(i.vTaskNotifyGiveFromISR)
    vTaskPlaceOnEventList                    0x080051e9   Thumb Code    44  tasks.o(i.vTaskPlaceOnEventList)
    vTaskPlaceOnEventListRestricted          0x08005219   Thumb Code    52  tasks.o(i.vTaskPlaceOnEventListRestricted)
    vTaskPlaceOnUnorderedEventList           0x08005251   Thumb Code    76  tasks.o(i.vTaskPlaceOnUnorderedEventList)
    vTaskPriorityDisinheritAfterTimeout      0x080052a1   Thumb Code   134  tasks.o(i.vTaskPriorityDisinheritAfterTimeout)
    vTaskRemoveFromUnorderedEventList        0x08005331   Thumb Code   102  tasks.o(i.vTaskRemoveFromUnorderedEventList)
    vTaskStartScheduler                      0x080053a1   Thumb Code   118  tasks.o(i.vTaskStartScheduler)
    vTaskSuspendAll                          0x08005429   Thumb Code    10  tasks.o(i.vTaskSuspendAll)
    vTaskSwitchContext                       0x08005439   Thumb Code    90  tasks.o(i.vTaskSwitchContext)
    xEventGroupClearBits                     0x0800549d   Thumb Code    64  event_groups.o(i.xEventGroupClearBits)
    xEventGroupClearBitsFromISR              0x080054dd   Thumb Code    12  event_groups.o(i.xEventGroupClearBitsFromISR)
    xEventGroupCreate                        0x080054ed   Thumb Code    28  event_groups.o(i.xEventGroupCreate)
    xEventGroupCreateStatic                  0x08005509   Thumb Code    44  event_groups.o(i.xEventGroupCreateStatic)
    xEventGroupGetBitsFromISR                0x08005535   Thumb Code    26  event_groups.o(i.xEventGroupGetBitsFromISR)
    xEventGroupSetBits                       0x0800554f   Thumb Code   140  event_groups.o(i.xEventGroupSetBits)
    xEventGroupSetBitsFromISR                0x080055dd   Thumb Code    12  event_groups.o(i.xEventGroupSetBitsFromISR)
    xEventGroupWaitBits                      0x080055ed   Thumb Code   260  event_groups.o(i.xEventGroupWaitBits)
    xPortStartScheduler                      0x080056f5   Thumb Code   154  port.o(i.xPortStartScheduler)
    xPortSysTickHandler                      0x0800579d   Thumb Code    38  port.o(i.xPortSysTickHandler)
    xQueueCreateCountingSemaphore            0x080057c9   Thumb Code    58  queue.o(i.xQueueCreateCountingSemaphore)
    xQueueCreateCountingSemaphoreStatic      0x08005803   Thumb Code    64  queue.o(i.xQueueCreateCountingSemaphoreStatic)
    xQueueCreateMutex                        0x08005843   Thumb Code    22  queue.o(i.xQueueCreateMutex)
    xQueueCreateMutexStatic                  0x08005859   Thumb Code    26  queue.o(i.xQueueCreateMutexStatic)
    xQueueGenericCreate                      0x08005873   Thumb Code    66  queue.o(i.xQueueGenericCreate)
    xQueueGenericCreateStatic                0x080058b5   Thumb Code   102  queue.o(i.xQueueGenericCreateStatic)
    xQueueGenericReset                       0x0800591d   Thumb Code   132  queue.o(i.xQueueGenericReset)
    xQueueGenericSend                        0x080059a5   Thumb Code   346  queue.o(i.xQueueGenericSend)
    xQueueGenericSendFromISR                 0x08005b05   Thumb Code   190  queue.o(i.xQueueGenericSendFromISR)
    xQueueGiveFromISR                        0x08005bc3   Thumb Code   156  queue.o(i.xQueueGiveFromISR)
    xQueueGiveMutexRecursive                 0x08005c5f   Thumb Code    62  queue.o(i.xQueueGiveMutexRecursive)
    xQueueReceive                            0x08005c9d   Thumb Code   308  queue.o(i.xQueueReceive)
    xQueueReceiveFromISR                     0x08005dd5   Thumb Code   154  queue.o(i.xQueueReceiveFromISR)
    xQueueSemaphoreTake                      0x08005e71   Thumb Code   372  queue.o(i.xQueueSemaphoreTake)
    xQueueTakeMutexRecursive                 0x08005fe9   Thumb Code    64  queue.o(i.xQueueTakeMutexRecursive)
    xTaskCheckForTimeOut                     0x08006029   Thumb Code   112  tasks.o(i.xTaskCheckForTimeOut)
    xTaskCreate                              0x0800609d   Thumb Code    90  tasks.o(i.xTaskCreate)
    xTaskCreateStatic                        0x080060f7   Thumb Code    86  tasks.o(i.xTaskCreateStatic)
    xTaskGenericNotify                       0x0800614d   Thumb Code   210  tasks.o(i.xTaskGenericNotify)
    xTaskGetCurrentTaskHandle                0x0800622d   Thumb Code     6  tasks.o(i.xTaskGetCurrentTaskHandle)
    xTaskGetSchedulerState                   0x08006239   Thumb Code    22  tasks.o(i.xTaskGetSchedulerState)
    xTaskGetTickCount                        0x08006255   Thumb Code     6  tasks.o(i.xTaskGetTickCount)
    xTaskIncrementTick                       0x08006261   Thumb Code   192  tasks.o(i.xTaskIncrementTick)
    xTaskPriorityDisinherit                  0x08006329   Thumb Code   118  tasks.o(i.xTaskPriorityDisinherit)
    xTaskPriorityInherit                     0x080063a9   Thumb Code   112  tasks.o(i.xTaskPriorityInherit)
    xTaskRemoveFromEventList                 0x08006421   Thumb Code    98  tasks.o(i.xTaskRemoveFromEventList)
    xTaskResumeAll                           0x08006491   Thumb Code   182  tasks.o(i.xTaskResumeAll)
    xTimerCreate                             0x08006555   Thumb Code    52  timers.o(i.xTimerCreate)
    xTimerCreateStatic                       0x08006589   Thumb Code    46  timers.o(i.xTimerCreateStatic)
    xTimerCreateTimerTask                    0x080065b9   Thumb Code    78  timers.o(i.xTimerCreateTimerTask)
    xTimerGenericCommand                     0x08006619   Thumb Code    98  timers.o(i.xTimerGenericCommand)
    xTimerIsTimerActive                      0x08006681   Thumb Code    48  timers.o(i.xTimerIsTimerActive)
    xTimerPendFunctionCallFromISR            0x080066b1   Thumb Code    34  timers.o(i.xTimerPendFunctionCallFromISR)
    CollectTask_attributes                   0x08006914   Data          36  freertos.o(.constdata)
    ShowTask_attributes                      0x08006938   Data          36  freertos.o(.constdata)
    SerialTask_attributes                    0x0800695c   Data          36  freertos.o(.constdata)
    AlarmTask_attributes                     0x08006980   Data          36  freertos.o(.constdata)
    KeyTask_attributes                       0x080069a4   Data          36  freertos.o(.constdata)
    LogQueue_attributes                      0x080069c8   Data          24  freertos.o(.constdata)
    CollectTimer_attributes                  0x080069e0   Data          16  freertos.o(.constdata)
    myMutex01_attributes                     0x080069f0   Data          16  freertos.o(.constdata)
    SerialBinarySem_attributes               0x08006a00   Data          16  freertos.o(.constdata)
    ADCBinarySem_attributes                  0x08006a10   Data          16  freertos.o(.constdata)
    AlarmEvent_attributes                    0x08006a20   Data          16  freertos.o(.constdata)
    AHBPrescTable                            0x08006a42   Data          16  system_stm32f1xx.o(.constdata)
    APBPrescTable                            0x08006a52   Data           8  system_stm32f1xx.o(.constdata)
    Region$$Table$$Base                      0x08006ae8   Number         0  anon$$obj.o(Region$$Table)
    Region$$Table$$Limit                     0x08006b08   Number         0  anon$$obj.o(Region$$Table)
    Temp                                     0x20000000   Data           1  freertos.o(.data)
    Humi                                     0x20000001   Data           1  freertos.o(.data)
    Threshold                                0x20000002   Data           1  freertos.o(.data)
    Collect_Period                           0x20000003   Data           1  freertos.o(.data)
    PageFlag                                 0x20000004   Data           1  freertos.o(.data)
    LEDflag                                  0x20000005   Data           1  freertos.o(.data)
    Arrow                                    0x20000006   Data           1  freertos.o(.data)
    CMD                                      0x20000007   Data           1  freertos.o(.data)
    light                                    0x20000008   Data           2  freertos.o(.data)
    CollectTaskHandle                        0x2000000c   Data           4  freertos.o(.data)
    ShowTaskHandle                           0x20000010   Data           4  freertos.o(.data)
    SerialTaskHandle                         0x20000014   Data           4  freertos.o(.data)
    AlarmTaskHandle                          0x20000018   Data           4  freertos.o(.data)
    KeyTaskHandle                            0x2000001c   Data           4  freertos.o(.data)
    LogQueueHandle                           0x20000020   Data           4  freertos.o(.data)
    CollectTimerHandle                       0x20000024   Data           4  freertos.o(.data)
    myMutex01Handle                          0x20000028   Data           4  freertos.o(.data)
    SerialBinarySemHandle                    0x2000002c   Data           4  freertos.o(.data)
    ADCBinarySemHandle                       0x20000030   Data           4  freertos.o(.data)
    AlarmEventHandle                         0x20000034   Data           4  freertos.o(.data)
    AutoAlarmFlag                            0x20000038   Data           5  freertos.o(.data)
    uwTickFreq                               0x20000040   Data           1  stm32f1xx_hal.o(.data)
    uwTickPrio                               0x20000044   Data           4  stm32f1xx_hal.o(.data)
    uwTick                                   0x20000048   Data           4  stm32f1xx_hal.o(.data)
    SystemCoreClock                          0x2000004c   Data           4  system_stm32f1xx.o(.data)
    pxCurrentTCB                             0x20000050   Data           4  tasks.o(.data)
    GRAM                                     0x200000d0   Data        1024  oled.o(.bss)
    rx_buf                                   0x200004d0   Data          20  freertos.o(.bss)
    hadc1                                    0x200004e4   Data          48  adc.o(.bss)
    hdma_adc1                                0x20000514   Data          68  adc.o(.bss)
    hi2c1                                    0x20000558   Data          84  i2c.o(.bss)
    htim2                                    0x200005ac   Data          72  tim.o(.bss)
    huart1                                   0x200005f4   Data          72  usart.o(.bss)
    hdma_usart1_rx                           0x2000063c   Data          68  usart.o(.bss)
    hdma_usart1_tx                           0x20000680   Data          68  usart.o(.bss)
    htim4                                    0x200006c4   Data          72  stm32f1xx_hal_timebase_tim.o(.bss)
    xQueueRegistry                           0x2000070c   Data          64  queue.o(.bss)
    __initial_sp                             0x20002b68   Data           0  startup_stm32f103xb.o(STACK)



==============================================================================

Memory Map of the image

  Image Entry point : 0x080000ed

  Load Region LR_IROM1 (Base: 0x08000000, Size: 0x00006bd8, Max: 0x00010000, ABSOLUTE)

    Execution Region ER_IROM1 (Exec base: 0x08000000, Load base: 0x08000000, Size: 0x00006b08, Max: 0x00010000, ABSOLUTE)

    Exec Addr    Load Addr    Size         Type   Attr      Idx    E Section Name        Object

    0x08000000   0x08000000   0x000000ec   Data   RO            3    RESET               startup_stm32f103xb.o
    0x080000ec   0x080000ec   0x00000000   Code   RO         5890  * .ARM.Collect$$$$00000000  mc_w.l(entry.o)
    0x080000ec   0x080000ec   0x00000004   Code   RO         6170    .ARM.Collect$$$$00000001  mc_w.l(entry2.o)
    0x080000f0   0x080000f0   0x00000004   Code   RO         6173    .ARM.Collect$$$$00000004  mc_w.l(entry5.o)
    0x080000f4   0x080000f4   0x00000000   Code   RO         6175    .ARM.Collect$$$$00000008  mc_w.l(entry7b.o)
    0x080000f4   0x080000f4   0x00000000   Code   RO         6177    .ARM.Collect$$$$0000000A  mc_w.l(entry8b.o)
    0x080000f4   0x080000f4   0x00000008   Code   RO         6178    .ARM.Collect$$$$0000000B  mc_w.l(entry9a.o)
    0x080000fc   0x080000fc   0x00000000   Code   RO         6180    .ARM.Collect$$$$0000000D  mc_w.l(entry10a.o)
    0x080000fc   0x080000fc   0x00000000   Code   RO         6182    .ARM.Collect$$$$0000000F  mc_w.l(entry11a.o)
    0x080000fc   0x080000fc   0x00000004   Code   RO         6171    .ARM.Collect$$$$00002712  mc_w.l(entry2.o)
    0x08000100   0x08000100   0x00000096   Code   RO         5813    .emb_text           port.o
    0x08000196   0x08000196   0x00000002   PAD
    0x08000198   0x08000198   0x00000024   Code   RO            4    .text               startup_stm32f103xb.o
    0x080001bc   0x080001bc   0x00000024   Code   RO         5895    .text               mc_w.l(memcpya.o)
    0x080001e0   0x080001e0   0x00000024   Code   RO         5899    .text               mc_w.l(memseta.o)
    0x08000204   0x08000204   0x0000000e   Code   RO         5901    .text               mc_w.l(strlen.o)
    0x08000212   0x08000212   0x0000001c   Code   RO         5903    .text               mc_w.l(strcmp.o)
    0x0800022e   0x0800022e   0x00000012   Code   RO         5905    .text               mc_w.l(strcpy.o)
    0x08000240   0x08000240   0x0000002c   Code   RO         6185    .text               mc_w.l(uidiv.o)
    0x0800026c   0x0800026c   0x00000024   Code   RO         6200    .text               mc_w.l(init.o)
    0x08000290   0x08000290   0x0000000c   Code   RO          858    i.ADC1_2_IRQHandler  stm32f1xx_it.o
    0x0800029c   0x0800029c   0x00000056   Code   RO         2036    i.ADC_ConversionStop_Disable  stm32f1xx_hal_adc.o
    0x080002f2   0x080002f2   0x0000004e   Code   RO         2037    i.ADC_DMAConvCplt   stm32f1xx_hal_adc.o
    0x08000340   0x08000340   0x0000001a   Code   RO         2038    i.ADC_DMAError      stm32f1xx_hal_adc.o
    0x0800035a   0x0800035a   0x0000000a   Code   RO         2039    i.ADC_DMAHalfConvCplt  stm32f1xx_hal_adc.o
    0x08000364   0x08000364   0x0000007c   Code   RO         2040    i.ADC_Enable        stm32f1xx_hal_adc.o
    0x080003e0   0x080003e0   0x00000002   Code   RO          859    i.BusFault_Handler  stm32f1xx_it.o
    0x080003e2   0x080003e2   0x00000026   Code   RO          404    i.CaliReceived      freertos.o
    0x08000408   0x08000408   0x0000001a   Code   RO          405    i.CaliXOR           freertos.o
    0x08000422   0x08000422   0x00000002   PAD
    0x08000424   0x08000424   0x00000014   Code   RO          406    i.Callback01        freertos.o
    0x08000438   0x08000438   0x00000064   Code   RO          210    i.DHT11_ACK         dht11.o
    0x0800049c   0x0800049c   0x0000003c   Code   RO          211    i.DHT11_Input       dht11.o
    0x080004d8   0x080004d8   0x00000050   Code   RO          212    i.DHT11_Output      dht11.o
    0x08000528   0x08000528   0x00000018   Code   RO          213    i.DHT11_R_Line      dht11.o
    0x08000540   0x08000540   0x0000007a   Code   RO          214    i.DHT11_RecieveByte  dht11.o
    0x080005ba   0x080005ba   0x0000003a   Code   RO          215    i.DHT11_Samping     dht11.o
    0x080005f4   0x080005f4   0x00000016   Code   RO          216    i.DHT11_Start       dht11.o
    0x0800060a   0x0800060a   0x00000002   PAD
    0x0800060c   0x0800060c   0x00000018   Code   RO          217    i.DHT11_W_Line      dht11.o
    0x08000624   0x08000624   0x0000001c   Code   RO          218    i.DHT11_WaitLine    dht11.o
    0x08000640   0x08000640   0x0000000c   Code   RO          860    i.DMA1_Channel1_IRQHandler  stm32f1xx_it.o
    0x0800064c   0x0800064c   0x0000000c   Code   RO          861    i.DMA1_Channel4_IRQHandler  stm32f1xx_it.o
    0x08000658   0x08000658   0x0000000c   Code   RO          862    i.DMA1_Channel5_IRQHandler  stm32f1xx_it.o
    0x08000664   0x08000664   0x0000002a   Code   RO         2692    i.DMA_SetConfig     stm32f1xx_hal_dma.o
    0x0800068e   0x0800068e   0x00000002   Code   RO          863    i.DebugMon_Handler  stm32f1xx_it.o
    0x08000690   0x08000690   0x00000028   Code   RO          221    i.Delay_us          dht11.o
    0x080006b8   0x080006b8   0x00000006   Code   RO          864    i.EXTI1_IRQHandler  stm32f1xx_it.o
    0x080006be   0x080006be   0x00000006   Code   RO          865    i.EXTI9_5_IRQHandler  stm32f1xx_it.o
    0x080006c4   0x080006c4   0x00000004   Code   RO          331    i.Error_Handler     main.o
    0x080006c8   0x080006c8   0x00000002   Code   RO         2218    i.HAL_ADCEx_InjectedConvCpltCallback  stm32f1xx_hal_adc_ex.o
    0x080006ca   0x080006ca   0x00000002   PAD
    0x080006cc   0x080006cc   0x000000fc   Code   RO         2042    i.HAL_ADC_ConfigChannel  stm32f1xx_hal_adc.o
    0x080007c8   0x080007c8   0x0000003c   Code   RO          407    i.HAL_ADC_ConvCpltCallback  freertos.o
    0x08000804   0x08000804   0x00000002   Code   RO         2044    i.HAL_ADC_ConvHalfCpltCallback  stm32f1xx_hal_adc.o
    0x08000806   0x08000806   0x00000002   Code   RO         2046    i.HAL_ADC_ErrorCallback  stm32f1xx_hal_adc.o
    0x08000808   0x08000808   0x000000dc   Code   RO         2050    i.HAL_ADC_IRQHandler  stm32f1xx_hal_adc.o
    0x080008e4   0x080008e4   0x0000011c   Code   RO         2051    i.HAL_ADC_Init      stm32f1xx_hal_adc.o
    0x08000a00   0x08000a00   0x00000002   Code   RO         2052    i.HAL_ADC_LevelOutOfWindowCallback  stm32f1xx_hal_adc.o
    0x08000a02   0x08000a02   0x00000002   PAD
    0x08000a04   0x08000a04   0x0000009c   Code   RO          667    i.HAL_ADC_MspInit   adc.o
    0x08000aa0   0x08000aa0   0x0000010c   Code   RO         2058    i.HAL_ADC_Start_DMA  stm32f1xx_hal_adc.o
    0x08000bac   0x08000bac   0x00000056   Code   RO         2061    i.HAL_ADC_Stop_DMA  stm32f1xx_hal_adc.o
    0x08000c02   0x08000c02   0x00000046   Code   RO         2693    i.HAL_DMA_Abort     stm32f1xx_hal_dma.o
    0x08000c48   0x08000c48   0x00000098   Code   RO         2694    i.HAL_DMA_Abort_IT  stm32f1xx_hal_dma.o
    0x08000ce0   0x08000ce0   0x00000154   Code   RO         2698    i.HAL_DMA_IRQHandler  stm32f1xx_hal_dma.o
    0x08000e34   0x08000e34   0x0000005c   Code   RO         2699    i.HAL_DMA_Init      stm32f1xx_hal_dma.o
    0x08000e90   0x08000e90   0x00000070   Code   RO         2703    i.HAL_DMA_Start_IT  stm32f1xx_hal_dma.o
    0x08000f00   0x08000f00   0x00000024   Code   RO         2319    i.HAL_Delay         stm32f1xx_hal.o
    0x08000f24   0x08000f24   0x00000038   Code   RO          408    i.HAL_GPIO_EXTI_Callback  freertos.o
    0x08000f5c   0x08000f5c   0x00000018   Code   RO         2628    i.HAL_GPIO_EXTI_IRQHandler  stm32f1xx_hal_gpio.o
    0x08000f74   0x08000f74   0x000001e0   Code   RO         2629    i.HAL_GPIO_Init     stm32f1xx_hal_gpio.o
    0x08001154   0x08001154   0x0000000a   Code   RO         2631    i.HAL_GPIO_ReadPin  stm32f1xx_hal_gpio.o
    0x0800115e   0x0800115e   0x00000010   Code   RO         2632    i.HAL_GPIO_TogglePin  stm32f1xx_hal_gpio.o
    0x0800116e   0x0800116e   0x0000000a   Code   RO         2633    i.HAL_GPIO_WritePin  stm32f1xx_hal_gpio.o
    0x08001178   0x08001178   0x0000000c   Code   RO         2323    i.HAL_GetTick       stm32f1xx_hal.o
    0x08001184   0x08001184   0x00000188   Code   RO         3300    i.HAL_I2C_Init      stm32f1xx_hal_i2c.o
    0x0800130c   0x0800130c   0x0000012c   Code   RO         3313    i.HAL_I2C_Master_Transmit  stm32f1xx_hal_i2c.o
    0x08001438   0x08001438   0x00000070   Code   RO          733    i.HAL_I2C_MspInit   i2c.o
    0x080014a8   0x080014a8   0x00000010   Code   RO         2329    i.HAL_IncTick       stm32f1xx_hal.o
    0x080014b8   0x080014b8   0x00000024   Code   RO         2330    i.HAL_Init          stm32f1xx_hal.o
    0x080014dc   0x080014dc   0x00000098   Code   RO          988    i.HAL_InitTick      stm32f1xx_hal_timebase_tim.o
    0x08001574   0x08001574   0x00000048   Code   RO          964    i.HAL_MspInit       stm32f1xx_hal_msp.o
    0x080015bc   0x080015bc   0x0000001a   Code   RO         2789    i.HAL_NVIC_EnableIRQ  stm32f1xx_hal_cortex.o
    0x080015d6   0x080015d6   0x00000002   PAD
    0x080015d8   0x080015d8   0x00000040   Code   RO         2795    i.HAL_NVIC_SetPriority  stm32f1xx_hal_cortex.o
    0x08001618   0x08001618   0x00000024   Code   RO         2796    i.HAL_NVIC_SetPriorityGrouping  stm32f1xx_hal_cortex.o
    0x0800163c   0x0800163c   0x000000ec   Code   RO         2591    i.HAL_RCCEx_PeriphCLKConfig  stm32f1xx_hal_rcc_ex.o
    0x08001728   0x08001728   0x0000012c   Code   RO         2487    i.HAL_RCC_ClockConfig  stm32f1xx_hal_rcc.o
    0x08001854   0x08001854   0x00000040   Code   RO         2491    i.HAL_RCC_GetClockConfig  stm32f1xx_hal_rcc.o
    0x08001894   0x08001894   0x00000020   Code   RO         2494    i.HAL_RCC_GetPCLK1Freq  stm32f1xx_hal_rcc.o
    0x080018b4   0x080018b4   0x00000020   Code   RO         2495    i.HAL_RCC_GetPCLK2Freq  stm32f1xx_hal_rcc.o
    0x080018d4   0x080018d4   0x0000004c   Code   RO         2496    i.HAL_RCC_GetSysClockFreq  stm32f1xx_hal_rcc.o
    0x08001920   0x08001920   0x00000320   Code   RO         2499    i.HAL_RCC_OscConfig  stm32f1xx_hal_rcc.o
    0x08001c40   0x08001c40   0x00000002   Code   RO         1769    i.HAL_TIMEx_BreakCallback  stm32f1xx_hal_tim_ex.o
    0x08001c42   0x08001c42   0x00000002   Code   RO         1770    i.HAL_TIMEx_CommutCallback  stm32f1xx_hal_tim_ex.o
    0x08001c44   0x08001c44   0x00000068   Code   RO         1788    i.HAL_TIMEx_MasterConfigSynchronization  stm32f1xx_hal_tim_ex.o
    0x08001cac   0x08001cac   0x0000005a   Code   RO         1065    i.HAL_TIM_Base_Init  stm32f1xx_hal_tim.o
    0x08001d06   0x08001d06   0x00000002   PAD
    0x08001d08   0x08001d08   0x00000024   Code   RO          775    i.HAL_TIM_Base_MspInit  tim.o
    0x08001d2c   0x08001d2c   0x00000050   Code   RO         1068    i.HAL_TIM_Base_Start  stm32f1xx_hal_tim.o
    0x08001d7c   0x08001d7c   0x00000058   Code   RO         1070    i.HAL_TIM_Base_Start_IT  stm32f1xx_hal_tim.o
    0x08001dd4   0x08001dd4   0x00000026   Code   RO         1071    i.HAL_TIM_Base_Stop  stm32f1xx_hal_tim.o
    0x08001dfa   0x08001dfa   0x000000dc   Code   RO         1074    i.HAL_TIM_ConfigClockSource  stm32f1xx_hal_tim.o
    0x08001ed6   0x08001ed6   0x00000002   Code   RO         1099    i.HAL_TIM_IC_CaptureCallback  stm32f1xx_hal_tim.o
    0x08001ed8   0x08001ed8   0x00000130   Code   RO         1113    i.HAL_TIM_IRQHandler  stm32f1xx_hal_tim.o
    0x08002008   0x08002008   0x00000002   Code   RO         1116    i.HAL_TIM_OC_DelayElapsedCallback  stm32f1xx_hal_tim.o
    0x0800200a   0x0800200a   0x00000002   Code   RO         1143    i.HAL_TIM_PWM_PulseFinishedCallback  stm32f1xx_hal_tim.o
    0x0800200c   0x0800200c   0x00000014   Code   RO          332    i.HAL_TIM_PeriodElapsedCallback  main.o
    0x08002020   0x08002020   0x00000002   Code   RO         1156    i.HAL_TIM_TriggerCallback  stm32f1xx_hal_tim.o
    0x08002022   0x08002022   0x0000004a   Code   RO         3736    i.HAL_UARTEx_ReceiveToIdle_DMA  stm32f1xx_hal_uart.o
    0x0800206c   0x0800206c   0x00000060   Code   RO          409    i.HAL_UARTEx_RxEventCallback  freertos.o
    0x080020cc   0x080020cc   0x00000002   Code   RO         3752    i.HAL_UART_ErrorCallback  stm32f1xx_hal_uart.o
    0x080020ce   0x080020ce   0x00000002   PAD
    0x080020d0   0x080020d0   0x0000026c   Code   RO         3755    i.HAL_UART_IRQHandler  stm32f1xx_hal_uart.o
    0x0800233c   0x0800233c   0x00000064   Code   RO         3756    i.HAL_UART_Init     stm32f1xx_hal_uart.o
    0x080023a0   0x080023a0   0x000000dc   Code   RO          817    i.HAL_UART_MspInit  usart.o
    0x0800247c   0x0800247c   0x00000002   Code   RO         3762    i.HAL_UART_RxCpltCallback  stm32f1xx_hal_uart.o
    0x0800247e   0x0800247e   0x00000002   Code   RO         3763    i.HAL_UART_RxHalfCpltCallback  stm32f1xx_hal_uart.o
    0x08002480   0x08002480   0x00000078   Code   RO         3765    i.HAL_UART_Transmit_DMA  stm32f1xx_hal_uart.o
    0x080024f8   0x080024f8   0x00000002   Code   RO         3767    i.HAL_UART_TxCpltCallback  stm32f1xx_hal_uart.o
    0x080024fa   0x080024fa   0x00000002   Code   RO         3768    i.HAL_UART_TxHalfCpltCallback  stm32f1xx_hal_uart.o
    0x080024fc   0x080024fc   0x00000002   Code   RO          866    i.HardFault_Handler  stm32f1xx_it.o
    0x080024fe   0x080024fe   0x0000002e   Code   RO         3343    i.I2C_IsAcknowledgeFailed  stm32f1xx_hal_i2c.o
    0x0800252c   0x0800252c   0x0000009c   Code   RO         3347    i.I2C_MasterRequestWrite  stm32f1xx_hal_i2c.o
    0x080025c8   0x080025c8   0x00000056   Code   RO         3358    i.I2C_WaitOnBTFFlagUntilTimeout  stm32f1xx_hal_i2c.o
    0x0800261e   0x0800261e   0x00000002   PAD
    0x08002620   0x08002620   0x00000090   Code   RO         3359    i.I2C_WaitOnFlagUntilTimeout  stm32f1xx_hal_i2c.o
    0x080026b0   0x080026b0   0x000000bc   Code   RO         3360    i.I2C_WaitOnMasterAddressFlagUntilTimeout  stm32f1xx_hal_i2c.o
    0x0800276c   0x0800276c   0x00000056   Code   RO         3362    i.I2C_WaitOnTXEFlagUntilTimeout  stm32f1xx_hal_i2c.o
    0x080027c2   0x080027c2   0x00000002   PAD
    0x080027c4   0x080027c4   0x0000004c   Code   RO          668    i.MX_ADC1_Init      adc.o
    0x08002810   0x08002810   0x0000004c   Code   RO          708    i.MX_DMA_Init       dma.o
    0x0800285c   0x0800285c   0x000000bc   Code   RO          410    i.MX_FREERTOS_Init  freertos.o
    0x08002918   0x08002918   0x000000c8   Code   RO          380    i.MX_GPIO_Init      gpio.o
    0x080029e0   0x080029e0   0x00000040   Code   RO          734    i.MX_I2C1_Init      i2c.o
    0x08002a20   0x08002a20   0x00000068   Code   RO          776    i.MX_TIM2_Init      tim.o
    0x08002a88   0x08002a88   0x00000038   Code   RO          818    i.MX_USART1_UART_Init  usart.o
    0x08002ac0   0x08002ac0   0x00000002   Code   RO          867    i.MemManage_Handler  stm32f1xx_it.o
    0x08002ac2   0x08002ac2   0x00000002   Code   RO          868    i.NMI_Handler       stm32f1xx_it.o
    0x08002ac4   0x08002ac4   0x000000a2   Code   RO           13    i.OLED_Init         oled.o
    0x08002b66   0x08002b66   0x00000002   PAD
    0x08002b68   0x08002b68   0x00000010   Code   RO           14    i.OLED_NewFrame     oled.o
    0x08002b78   0x08002b78   0x00000024   Code   RO           15    i.OLED_SendCmd      oled.o
    0x08002b9c   0x08002b9c   0x00000048   Code   RO           17    i.OLED_ShowChar     oled.o
    0x08002be4   0x08002be4   0x00000060   Code   RO           18    i.OLED_ShowFrame    oled.o
    0x08002c44   0x08002c44   0x00000046   Code   RO           19    i.OLED_ShowNum      oled.o
    0x08002c8a   0x08002c8a   0x0000003a   Code   RO           20    i.OLED_ShowString   oled.o
    0x08002cc4   0x08002cc4   0x00000012   Code   RO           21    i.Pow               oled.o
    0x08002cd6   0x08002cd6   0x00000002   PAD
    0x08002cd8   0x08002cd8   0x00000068   Code   RO          411    i.StartAlarmTask    freertos.o
    0x08002d40   0x08002d40   0x000001f8   Code   RO          412    i.StartCollectTask  freertos.o
    0x08002f38   0x08002f38   0x00000200   Code   RO          413    i.StartKeyTask      freertos.o
    0x08003138   0x08003138   0x00000394   Code   RO          414    i.StartSerialTask   freertos.o
    0x080034cc   0x080034cc   0x000001ec   Code   RO          415    i.StartShowTask     freertos.o
    0x080036b8   0x080036b8   0x0000001a   Code   RO         5241    i.SysTick_Handler   cmsis_os2.o
    0x080036d2   0x080036d2   0x0000007a   Code   RO          333    i.SystemClock_Config  main.o
    0x0800374c   0x0800374c   0x00000002   Code   RO         4090    i.SystemInit        system_stm32f1xx.o
    0x0800374e   0x0800374e   0x00000002   PAD
    0x08003750   0x08003750   0x0000000c   Code   RO          869    i.TIM4_IRQHandler   stm32f1xx_it.o
    0x0800375c   0x0800375c   0x00000078   Code   RO         1158    i.TIM_Base_SetConfig  stm32f1xx_hal_tim.o
    0x080037d4   0x080037d4   0x00000014   Code   RO         1169    i.TIM_ETR_SetConfig  stm32f1xx_hal_tim.o
    0x080037e8   0x080037e8   0x00000010   Code   RO         1170    i.TIM_ITRx_SetConfig  stm32f1xx_hal_tim.o
    0x080037f8   0x080037f8   0x00000022   Code   RO         1176    i.TIM_TI1_ConfigInputStage  stm32f1xx_hal_tim.o
    0x0800381a   0x0800381a   0x00000024   Code   RO         1178    i.TIM_TI2_ConfigInputStage  stm32f1xx_hal_tim.o
    0x0800383e   0x0800383e   0x00000018   Code   RO         5242    i.TimerCallback     cmsis_os2.o
    0x08003856   0x08003856   0x00000010   Code   RO         3769    i.UART_DMAAbortOnError  stm32f1xx_hal_uart.o
    0x08003866   0x08003866   0x0000004a   Code   RO         3770    i.UART_DMAError     stm32f1xx_hal_uart.o
    0x080038b0   0x080038b0   0x00000086   Code   RO         3771    i.UART_DMAReceiveCplt  stm32f1xx_hal_uart.o
    0x08003936   0x08003936   0x0000001e   Code   RO         3773    i.UART_DMARxHalfCplt  stm32f1xx_hal_uart.o
    0x08003954   0x08003954   0x00000042   Code   RO         3775    i.UART_DMATransmitCplt  stm32f1xx_hal_uart.o
    0x08003996   0x08003996   0x0000000a   Code   RO         3777    i.UART_DMATxHalfCplt  stm32f1xx_hal_uart.o
    0x080039a0   0x080039a0   0x0000004e   Code   RO         3779    i.UART_EndRxTransfer  stm32f1xx_hal_uart.o
    0x080039ee   0x080039ee   0x0000001c   Code   RO         3780    i.UART_EndTxTransfer  stm32f1xx_hal_uart.o
    0x08003a0a   0x08003a0a   0x000000c2   Code   RO         3781    i.UART_Receive_IT   stm32f1xx_hal_uart.o
    0x08003acc   0x08003acc   0x000000b8   Code   RO         3782    i.UART_SetConfig    stm32f1xx_hal_uart.o
    0x08003b84   0x08003b84   0x00000090   Code   RO         3783    i.UART_Start_Receive_DMA  stm32f1xx_hal_uart.o
    0x08003c14   0x08003c14   0x0000000c   Code   RO          870    i.USART1_IRQHandler  stm32f1xx_it.o
    0x08003c20   0x08003c20   0x00000002   Code   RO          871    i.UsageFault_Handler  stm32f1xx_it.o
    0x08003c22   0x08003c22   0x00000002   PAD
    0x08003c24   0x08003c24   0x00000028   Code   RO         5956    i.__0sprintf$1      mc_w.l(printf1.o)
    0x08003c4c   0x08003c4c   0x00000020   Code   RO         2802    i.__NVIC_SetPriority  stm32f1xx_hal_cortex.o
    0x08003c6c   0x08003c6c   0x0000000e   Code   RO         6210    i.__scatterload_copy  mc_w.l(handlers.o)
    0x08003c7a   0x08003c7a   0x00000002   Code   RO         6211    i.__scatterload_null  mc_w.l(handlers.o)
    0x08003c7c   0x08003c7c   0x0000000e   Code   RO         6212    i.__scatterload_zeroinit  mc_w.l(handlers.o)
    0x08003c8a   0x08003c8a   0x00000002   PAD
    0x08003c8c   0x08003c8c   0x00000154   Code   RO         5961    i._printf_core      mc_w.l(printf1.o)
    0x08003de0   0x08003de0   0x0000000a   Code   RO         5963    i._sputc            mc_w.l(printf1.o)
    0x08003dea   0x08003dea   0x0000002e   Code   RO          334    i.main              main.o
    0x08003e18   0x08003e18   0x0000001a   Code   RO         5243    i.osDelay           cmsis_os2.o
    0x08003e32   0x08003e32   0x0000003e   Code   RO         5245    i.osEventFlagsClear  cmsis_os2.o
    0x08003e70   0x08003e70   0x0000002c   Code   RO         5248    i.osEventFlagsNew   cmsis_os2.o
    0x08003e9c   0x08003e9c   0x00000054   Code   RO         5249    i.osEventFlagsSet   cmsis_os2.o
    0x08003ef0   0x08003ef0   0x00000062   Code   RO         5250    i.osEventFlagsWait  cmsis_os2.o
    0x08003f52   0x08003f52   0x00000002   PAD
    0x08003f54   0x08003f54   0x00000024   Code   RO         5257    i.osKernelInitialize  cmsis_os2.o
    0x08003f78   0x08003f78   0x00000038   Code   RO         5260    i.osKernelStart     cmsis_os2.o
    0x08003fb0   0x08003fb0   0x00000064   Code   RO         5272    i.osMessageQueueGet  cmsis_os2.o
    0x08004014   0x08004014   0x00000058   Code   RO         5277    i.osMessageQueueNew  cmsis_os2.o
    0x0800406c   0x0800406c   0x00000068   Code   RO         5278    i.osMessageQueuePut  cmsis_os2.o
    0x080040d4   0x080040d4   0x00000052   Code   RO         5280    i.osMutexAcquire    cmsis_os2.o
    0x08004126   0x08004126   0x00000068   Code   RO         5283    i.osMutexNew        cmsis_os2.o
    0x0800418e   0x0800418e   0x00000042   Code   RO         5284    i.osMutexRelease    cmsis_os2.o
    0x080041d0   0x080041d0   0x0000005c   Code   RO         5285    i.osSemaphoreAcquire  cmsis_os2.o
    0x0800422c   0x0800422c   0x00000098   Code   RO         5288    i.osSemaphoreNew    cmsis_os2.o
    0x080042c4   0x080042c4   0x0000008a   Code   RO         5302    i.osThreadNew       cmsis_os2.o
    0x0800434e   0x0800434e   0x00000002   PAD
    0x08004350   0x08004350   0x00000078   Code   RO         5311    i.osTimerNew        cmsis_os2.o
    0x080043c8   0x080043c8   0x00000032   Code   RO         5312    i.osTimerStart      cmsis_os2.o
    0x080043fa   0x080043fa   0x00000044   Code   RO         5313    i.osTimerStop       cmsis_os2.o
    0x0800443e   0x0800443e   0x00000002   PAD
    0x08004440   0x08004440   0x0000005c   Code   RO         4702    i.prvAddCurrentTaskToDelayedList  tasks.o
    0x0800449c   0x0800449c   0x000000d0   Code   RO         4703    i.prvAddNewTaskToReadyList  tasks.o
    0x0800456c   0x0800456c   0x00000058   Code   RO         5067    i.prvCheckForValidListAndQueue  timers.o
    0x080045c4   0x080045c4   0x00000026   Code   RO         4299    i.prvCopyDataFromQueue  queue.o
    0x080045ea   0x080045ea   0x0000006c   Code   RO         4300    i.prvCopyDataToQueue  queue.o
    0x08004656   0x08004656   0x00000034   Code   RO         4704    i.prvDeleteTCB      tasks.o
    0x0800468a   0x0800468a   0x00000002   PAD
    0x0800468c   0x0800468c   0x00000048   Code   RO         5758    i.prvHeapInit       heap_4.o
    0x080046d4   0x080046d4   0x00000060   Code   RO         4705    i.prvIdleTask       tasks.o
    0x08004734   0x08004734   0x00000016   Code   RO         4301    i.prvInitialiseMutex  queue.o
    0x0800474a   0x0800474a   0x00000002   PAD
    0x0800474c   0x0800474c   0x00000022   Code   RO         4302    i.prvInitialiseNewQueue  queue.o
    0x0800476e   0x0800476e   0x00000002   PAD
    0x08004770   0x08004770   0x000000b0   Code   RO         4706    i.prvInitialiseNewTask  tasks.o
    0x08004820   0x08004820   0x0000004e   Code   RO         5068    i.prvInitialiseNewTimer  timers.o
    0x0800486e   0x0800486e   0x00000002   PAD
    0x08004870   0x08004870   0x0000004c   Code   RO         5759    i.prvInsertBlockIntoFreeList  heap_4.o
    0x080048bc   0x080048bc   0x00000038   Code   RO         5069    i.prvInsertTimerInActiveList  timers.o
    0x080048f4   0x080048f4   0x0000001c   Code   RO         4303    i.prvIsQueueEmpty   queue.o
    0x08004910   0x08004910   0x000000fc   Code   RO         5070    i.prvProcessReceivedCommands  timers.o
    0x08004a0c   0x08004a0c   0x000000c0   Code   RO         5071    i.prvProcessTimerOrBlockTask  timers.o
    0x08004acc   0x08004acc   0x00000020   Code   RO         4708    i.prvResetNextTaskUnblockTime  tasks.o
    0x08004aec   0x08004aec   0x00000028   Code   RO         5072    i.prvSampleTimeNow  timers.o
    0x08004b14   0x08004b14   0x0000006c   Code   RO         5073    i.prvSwitchTimerLists  timers.o
    0x08004b80   0x08004b80   0x00000028   Code   RO         5814    i.prvTaskExitError  port.o
    0x08004ba8   0x08004ba8   0x00000014   Code   RO         4137    i.prvTestWaitCondition  event_groups.o
    0x08004bbc   0x08004bbc   0x00000024   Code   RO         5074    i.prvTimerTask      timers.o
    0x08004be0   0x08004be0   0x0000006a   Code   RO         4304    i.prvUnlockQueue    queue.o
    0x08004c4a   0x08004c4a   0x00000002   PAD
    0x08004c4c   0x08004c4c   0x000000dc   Code   RO         5760    i.pvPortMalloc      heap_4.o
    0x08004d28   0x08004d28   0x00000018   Code   RO         4711    i.pvTaskIncrementMutexHeldCount  tasks.o
    0x08004d40   0x08004d40   0x00000024   Code   RO         5075    i.pvTimerGetTimerID  timers.o
    0x08004d64   0x08004d64   0x00000024   Code   RO         5815    i.pxPortInitialiseStack  port.o
    0x08004d88   0x08004d88   0x00000068   Code   RO         4712    i.ulTaskNotifyTake  tasks.o
    0x08004df0   0x08004df0   0x00000026   Code   RO         4259    i.uxListRemove      list.o
    0x08004e16   0x08004e16   0x00000002   PAD
    0x08004e18   0x08004e18   0x00000018   Code   RO         4720    i.uxTaskResetEventItemValue  tasks.o
    0x08004e30   0x08004e30   0x00000014   Code   RO         5314    i.vApplicationGetIdleTaskMemory  cmsis_os2.o
    0x08004e44   0x08004e44   0x00000018   Code   RO         5315    i.vApplicationGetTimerTaskMemory  cmsis_os2.o
    0x08004e5c   0x08004e5c   0x00000004   Code   RO         4139    i.vEventGroupClearBitsCallback  event_groups.o
    0x08004e60   0x08004e60   0x00000004   Code   RO         4141    i.vEventGroupSetBitsCallback  event_groups.o
    0x08004e64   0x08004e64   0x00000016   Code   RO         4260    i.vListInitialise   list.o
    0x08004e7a   0x08004e7a   0x00000006   Code   RO         4261    i.vListInitialiseItem  list.o
    0x08004e80   0x08004e80   0x00000030   Code   RO         4262    i.vListInsert       list.o
    0x08004eb0   0x08004eb0   0x00000018   Code   RO         4263    i.vListInsertEnd    list.o
    0x08004ec8   0x08004ec8   0x00000040   Code   RO         5817    i.vPortEnterCritical  port.o
    0x08004f08   0x08004f08   0x00000028   Code   RO         5818    i.vPortExitCritical  port.o
    0x08004f30   0x08004f30   0x00000064   Code   RO         5761    i.vPortFree         heap_4.o
    0x08004f94   0x08004f94   0x00000024   Code   RO         5819    i.vPortSetupTimerInterrupt  port.o
    0x08004fb8   0x08004fb8   0x00000054   Code   RO         5820    i.vPortValidateInterruptPriority  port.o
    0x0800500c   0x0800500c   0x00000028   Code   RO         4310    i.vQueueAddToRegistry  queue.o
    0x08005034   0x08005034   0x0000002e   Code   RO         4311    i.vQueueDelete      queue.o
    0x08005062   0x08005062   0x00000002   PAD
    0x08005064   0x08005064   0x00000028   Code   RO         4313    i.vQueueUnregisterQueue  queue.o
    0x0800508c   0x0800508c   0x00000044   Code   RO         4314    i.vQueueWaitForMessageRestricted  queue.o
    0x080050d0   0x080050d0   0x0000004c   Code   RO         4721    i.vTaskDelay        tasks.o
    0x0800511c   0x0800511c   0x00000010   Code   RO         4726    i.vTaskInternalSetTimeOutState  tasks.o
    0x0800512c   0x0800512c   0x0000000c   Code   RO         4727    i.vTaskMissedYield  tasks.o
    0x08005138   0x08005138   0x000000b0   Code   RO         4728    i.vTaskNotifyGiveFromISR  tasks.o
    0x080051e8   0x080051e8   0x00000030   Code   RO         4729    i.vTaskPlaceOnEventList  tasks.o
    0x08005218   0x08005218   0x00000038   Code   RO         4730    i.vTaskPlaceOnEventListRestricted  tasks.o
    0x08005250   0x08005250   0x00000050   Code   RO         4731    i.vTaskPlaceOnUnorderedEventList  tasks.o
    0x080052a0   0x080052a0   0x00000090   Code   RO         4732    i.vTaskPriorityDisinheritAfterTimeout  tasks.o
    0x08005330   0x08005330   0x00000070   Code   RO         4734    i.vTaskRemoveFromUnorderedEventList  tasks.o
    0x080053a0   0x080053a0   0x00000088   Code   RO         4738    i.vTaskStartScheduler  tasks.o
    0x08005428   0x08005428   0x00000010   Code   RO         4740    i.vTaskSuspendAll   tasks.o
    0x08005438   0x08005438   0x00000064   Code   RO         4741    i.vTaskSwitchContext  tasks.o
    0x0800549c   0x0800549c   0x00000040   Code   RO         4143    i.xEventGroupClearBits  event_groups.o
    0x080054dc   0x080054dc   0x00000010   Code   RO         4144    i.xEventGroupClearBitsFromISR  event_groups.o
    0x080054ec   0x080054ec   0x0000001c   Code   RO         4145    i.xEventGroupCreate  event_groups.o
    0x08005508   0x08005508   0x0000002c   Code   RO         4146    i.xEventGroupCreateStatic  event_groups.o
    0x08005534   0x08005534   0x0000001a   Code   RO         4147    i.xEventGroupGetBitsFromISR  event_groups.o
    0x0800554e   0x0800554e   0x0000008c   Code   RO         4148    i.xEventGroupSetBits  event_groups.o
    0x080055da   0x080055da   0x00000002   PAD
    0x080055dc   0x080055dc   0x00000010   Code   RO         4149    i.xEventGroupSetBitsFromISR  event_groups.o
    0x080055ec   0x080055ec   0x00000108   Code   RO         4151    i.xEventGroupWaitBits  event_groups.o
    0x080056f4   0x080056f4   0x000000a8   Code   RO         5821    i.xPortStartScheduler  port.o
    0x0800579c   0x0800579c   0x0000002c   Code   RO         5822    i.xPortSysTickHandler  port.o
    0x080057c8   0x080057c8   0x0000003a   Code   RO         4315    i.xQueueCreateCountingSemaphore  queue.o
    0x08005802   0x08005802   0x00000040   Code   RO         4316    i.xQueueCreateCountingSemaphoreStatic  queue.o
    0x08005842   0x08005842   0x00000016   Code   RO         4317    i.xQueueCreateMutex  queue.o
    0x08005858   0x08005858   0x0000001a   Code   RO         4318    i.xQueueCreateMutexStatic  queue.o
    0x08005872   0x08005872   0x00000042   Code   RO         4319    i.xQueueGenericCreate  queue.o
    0x080058b4   0x080058b4   0x00000066   Code   RO         4320    i.xQueueGenericCreateStatic  queue.o
    0x0800591a   0x0800591a   0x00000002   PAD
    0x0800591c   0x0800591c   0x00000088   Code   RO         4321    i.xQueueGenericReset  queue.o
    0x080059a4   0x080059a4   0x00000160   Code   RO         4322    i.xQueueGenericSend  queue.o
    0x08005b04   0x08005b04   0x000000be   Code   RO         4323    i.xQueueGenericSendFromISR  queue.o
    0x08005bc2   0x08005bc2   0x0000009c   Code   RO         4326    i.xQueueGiveFromISR  queue.o
    0x08005c5e   0x08005c5e   0x0000003e   Code   RO         4327    i.xQueueGiveMutexRecursive  queue.o
    0x08005c9c   0x08005c9c   0x00000138   Code   RO         4332    i.xQueueReceive     queue.o
    0x08005dd4   0x08005dd4   0x0000009a   Code   RO         4333    i.xQueueReceiveFromISR  queue.o
    0x08005e6e   0x08005e6e   0x00000002   PAD
    0x08005e70   0x08005e70   0x00000178   Code   RO         4334    i.xQueueSemaphoreTake  queue.o
    0x08005fe8   0x08005fe8   0x00000040   Code   RO         4335    i.xQueueTakeMutexRecursive  queue.o
    0x08006028   0x08006028   0x00000074   Code   RO         4743    i.xTaskCheckForTimeOut  tasks.o
    0x0800609c   0x0800609c   0x0000005a   Code   RO         4744    i.xTaskCreate       tasks.o
    0x080060f6   0x080060f6   0x00000056   Code   RO         4745    i.xTaskCreateStatic  tasks.o
    0x0800614c   0x0800614c   0x000000e0   Code   RO         4746    i.xTaskGenericNotify  tasks.o
    0x0800622c   0x0800622c   0x0000000c   Code   RO         4748    i.xTaskGetCurrentTaskHandle  tasks.o
    0x08006238   0x08006238   0x0000001c   Code   RO         4749    i.xTaskGetSchedulerState  tasks.o
    0x08006254   0x08006254   0x0000000c   Code   RO         4750    i.xTaskGetTickCount  tasks.o
    0x08006260   0x08006260   0x000000c8   Code   RO         4752    i.xTaskIncrementTick  tasks.o
    0x08006328   0x08006328   0x00000080   Code   RO         4755    i.xTaskPriorityDisinherit  tasks.o
    0x080063a8   0x080063a8   0x00000078   Code   RO         4756    i.xTaskPriorityInherit  tasks.o
    0x08006420   0x08006420   0x00000070   Code   RO         4757    i.xTaskRemoveFromEventList  tasks.o
    0x08006490   0x08006490   0x000000c4   Code   RO         4758    i.xTaskResumeAll    tasks.o
    0x08006554   0x08006554   0x00000034   Code   RO         5081    i.xTimerCreate      timers.o
    0x08006588   0x08006588   0x0000002e   Code   RO         5082    i.xTimerCreateStatic  timers.o
    0x080065b6   0x080065b6   0x00000002   PAD
    0x080065b8   0x080065b8   0x00000060   Code   RO         5083    i.xTimerCreateTimerTask  timers.o
    0x08006618   0x08006618   0x00000068   Code   RO         5084    i.xTimerGenericCommand  timers.o
    0x08006680   0x08006680   0x00000030   Code   RO         5088    i.xTimerIsTimerActive  timers.o
    0x080066b0   0x080066b0   0x00000028   Code   RO         5090    i.xTimerPendFunctionCallFromISR  timers.o
    0x080066d8   0x080066d8   0x0000023a   Data   RO           23    .constdata          oled.o
    0x08006912   0x08006912   0x00000002   PAD
    0x08006914   0x08006914   0x0000011c   Data   RO          418    .constdata          freertos.o
    0x08006a30   0x08006a30   0x00000012   Data   RO         2500    .constdata          stm32f1xx_hal_rcc.o
    0x08006a42   0x08006a42   0x00000010   Data   RO         4091    .constdata          system_stm32f1xx.o
    0x08006a52   0x08006a52   0x00000008   Data   RO         4092    .constdata          system_stm32f1xx.o
    0x08006a5a   0x08006a5a   0x00000002   PAD
    0x08006a5c   0x08006a5c   0x0000008b   Data   RO          419    .conststring        freertos.o
    0x08006ae7   0x08006ae7   0x00000001   PAD
    0x08006ae8   0x08006ae8   0x00000020   Data   RO         6208    Region$$Table       anon$$obj.o


    Execution Region RW_IRAM1 (Exec base: 0x20000000, Load base: 0x08006b08, Size: 0x00002b68, Max: 0x00005000, ABSOLUTE)

    Exec Addr    Load Addr    Size         Type   Attr      Idx    E Section Name        Object

    0x20000000   0x08006b08   0x0000003d   Data   RW          420    .data               freertos.o
    0x2000003d   0x08006b45   0x00000003   PAD
    0x20000040   0x08006b48   0x0000000c   Data   RW         2337    .data               stm32f1xx_hal.o
    0x2000004c   0x08006b54   0x00000004   Data   RW         4093    .data               system_stm32f1xx.o
    0x20000050   0x08006b58   0x0000003c   Data   RW         4761    .data               tasks.o
    0x2000008c   0x08006b94   0x00000014   Data   RW         5092    .data               timers.o
    0x200000a0   0x08006ba8   0x00000004   Data   RW         5317    .data               cmsis_os2.o
    0x200000a4   0x08006bac   0x00000020   Data   RW         5767    .data               heap_4.o
    0x200000c4   0x08006bcc   0x0000000c   Data   RW         5823    .data               port.o
    0x200000d0        -       0x00000400   Zero   RW           22    .bss                oled.o
    0x200004d0        -       0x00000014   Zero   RW          417    .bss                freertos.o
    0x200004e4        -       0x00000074   Zero   RW          669    .bss                adc.o
    0x20000558        -       0x00000054   Zero   RW          735    .bss                i2c.o
    0x200005ac        -       0x00000048   Zero   RW          777    .bss                tim.o
    0x200005f4        -       0x000000d0   Zero   RW          819    .bss                usart.o
    0x200006c4        -       0x00000048   Zero   RW          991    .bss                stm32f1xx_hal_timebase_tim.o
    0x2000070c        -       0x00000040   Zero   RW         4336    .bss                queue.o
    0x2000074c        -       0x000004c4   Zero   RW         4760    .bss                tasks.o
    0x20000c10        -       0x00000118   Zero   RW         5091    .bss                timers.o
    0x20000d28        -       0x000006b8   Zero   RW         5316    .bss                cmsis_os2.o
    0x200013e0        -       0x00001388   Zero   RW         5766    .bss                heap_4.o
    0x20002768        -       0x00000400   Zero   RW            1    STACK               startup_stm32f103xb.o


==============================================================================

Image component sizes


      Code (inc. data)   RO Data    RW Data    ZI Data      Debug   Object Name

       232         28          0          0        116       1687   adc.o
      1664         44          0          4       1720      74033   cmsis_os2.o
       558         36          0          0          0      13114   dht11.o
        76          4          0          0          0        746   dma.o
       626         12          0          0          0      32834   event_groups.o
      3012        538        423         61         20     386983   freertos.o
       200         16          0          0          0        931   gpio.o
       468         22          0         32       5000       4679   heap_4.o
       176         30          0          0         84       1605   i2c.o
       138          0          0          0          0       3310   list.o
       192          6          0          0          0       2500   main.o
       528         32        570          0       1024     459892   oled.o
       662         70          0         12          0      10573   port.o
      2670         28          0          0         64      29040   queue.o
        36          8        236          0       1024        812   startup_stm32f103xb.o
       100         18          0         12          0       5150   stm32f1xx_hal.o
      1440         56          0          0          0       9958   stm32f1xx_hal_adc.o
         2          0          0          0          0       1029   stm32f1xx_hal_adc_ex.o
       158         14          0          0          0      28110   stm32f1xx_hal_cortex.o
       808         36          0          0          0       4890   stm32f1xx_hal_dma.o
       540         40          0          0          0       4631   stm32f1xx_hal_gpio.o
      1398         32          0          0          0       8981   stm32f1xx_hal_i2c.o
        72         10          0          0          0        842   stm32f1xx_hal_msp.o
      1304         94         18          0          0       5641   stm32f1xx_hal_rcc.o
       236         12          0          0          0       1356   stm32f1xx_hal_rcc_ex.o
      1054         38          0          0          0      10854   stm32f1xx_hal_tim.o
       108         12          0          0          0       2345   stm32f1xx_hal_tim_ex.o
       152         20          0          0         72       1435   stm32f1xx_hal_timebase_tim.o
      1882         38          0          0          0      14375   stm32f1xx_hal_uart.o
        96         36          0          0          0       5908   stm32f1xx_it.o
         0          0          0          0          0        392   stream_buffer.o
         2          0         24          4          0       1071   system_stm32f1xx.o
      3104        258          0         60       1220      34487   tasks.o
       140         12          0          0         72       1570   tim.o
      1272         86          0         20        280      37129   timers.o
       276         30          0          0        208       1828   usart.o

    ----------------------------------------------------------------------
     25438       1716       1308        208      10904    1204721   Object Totals
         0          0         32          0          0          0   (incl. Generated)
        56          0          5          3          0          0   (incl. Padding)

    ----------------------------------------------------------------------

      Code (inc. data)   RO Data    RW Data    ZI Data      Debug   Library Member Name

         0          0          0          0          0          0   entry.o
         0          0          0          0          0          0   entry10a.o
         0          0          0          0          0          0   entry11a.o
         8          4          0          0          0          0   entry2.o
         4          0          0          0          0          0   entry5.o
         0          0          0          0          0          0   entry7b.o
         0          0          0          0          0          0   entry8b.o
         8          4          0          0          0          0   entry9a.o
        30          0          0          0          0          0   handlers.o
        36          8          0          0          0         68   init.o
        36          0          0          0          0         68   memcpya.o
        36          0          0          0          0        108   memseta.o
       390         10          0          0          0        252   printf1.o
        28          0          0          0          0         76   strcmp.o
        18          0          0          0          0         68   strcpy.o
        14          0          0          0          0         68   strlen.o
        44          0          0          0          0         80   uidiv.o

    ----------------------------------------------------------------------
       654         26          0          0          0        788   Library Totals
         2          0          0          0          0          0   (incl. Padding)

    ----------------------------------------------------------------------

      Code (inc. data)   RO Data    RW Data    ZI Data      Debug   Library Name

       652         26          0          0          0        788   mc_w.l

    ----------------------------------------------------------------------
       654         26          0          0          0        788   Library Totals

    ----------------------------------------------------------------------

==============================================================================


      Code (inc. data)   RO Data    RW Data    ZI Data      Debug   

     26092       1742       1308        208      10904    1191413   Grand Totals
     26092       1742       1308        208      10904    1191413   ELF Image Totals
     26092       1742       1308        208          0          0   ROM Totals

==============================================================================

    Total RO  Size (Code + RO Data)                27400 (  26.76kB)
    Total RW  Size (RW Data + ZI Data)             11112 (  10.85kB)
    Total ROM Size (Code + RO Data + RW Data)      27608 (  26.96kB)

==============================================================================

